<html>
<body>
<pre>
<h1>礦ision Build Log</h1>
<h2>Tool Versions:</h2>
IDE-Version: μVision V5.36.0.0
Copyright (C) 2021 ARM Ltd and ARM Germany GmbH. All rights reserved.
License Information: 东杰 洪, DHH, LIC=X1E4T-RNP8J-TL2CD-8F1SA-WEZBY-NRHVG
 
Tool Versions:
Toolchain:       MDK-ARM Professional  Version: 5.36.0.0
Toolchain Path:  C:\Keil_v5\ARM\ARMCC\Bin
C Compiler:      Armcc.exe V5.06 update 7 (build 960)
Assembler:       Armasm.exe V5.06 update 7 (build 960)
Linker/Locator:  ArmLink.exe V5.06 update 7 (build 960)
Library Manager: ArmAr.exe V5.06 update 7 (build 960)
Hex Converter:   FromElf.exe V5.06 update 7 (build 960)
CPU DLL:         SARMCM3.DLL V5.36.0.0
Dialog DLL:      DCM.DLL V1.17.3.0
Target DLL:      STLink\ST-LINKIII-KEIL_SWO.dll V3.0.9.0
Dialog DLL:      TCM.DLL V1.53.0.0
 
<h2>Project:</h2>
C:\Users\Dusti\Documents\WeChat Files\hdj1713960444\FileStorage\File\2023-04\USER\工程文件.uvprojx
Project File Date:  04/05/2023

<h2>Output:</h2>
*** Using Compiler 'V5.06 update 7 (build 960)', folder: 'C:\Keil_v5\ARM\ARMCC\Bin'
Rebuild target '工程'
compiling delay.c...
compiling led.c...
compiling main.c...
compiling key.c...
compiling usart2.c...
compiling usart1.c...
compiling sys.c...
compiling DMA_adc.c...
compiling timer3_ping.c...
compiling dht11.c...
compiling usart3.c...
compiling pub_sub_message.c...
..\HARDWARE\scr\pub_sub_message.c(11): warning:  #1293-D: assignment in condition
      if(star_sp = strstr((char *)MQTT_CMDOutPtr + 2, (char *)"params")) //定位得到标识符前面的字符 ，用于求出标识符有多大
..\HARDWARE\scr\pub_sub_message.c(185): warning:  #181-D: argument is incompatible with corresponding format string conversion
  			sprintf(temp, "{\"method\":\"thing.event.property.post\",\"id\":\"203302322\",\"params\":{\"%s\":%d},\"version\":\"1.0.0\"}", str, cmd); //如果LED2是高电平，说明是熄灭状态，需要回复关闭状态给服务器
..\HARDWARE\scr\pub_sub_message.c(198): warning:  #181-D: argument is incompatible with corresponding format string conversion
  					sprintf(temp, "{\"method\":\"thing.event.property.post\",\"id\":\"203302322\",\"params\":{\"%s\":1},\"version\":\"1.0.0\"}", str); //如果LED2是高电平，说明是熄灭状态，需要回复关闭状态给服务器
..\HARDWARE\scr\pub_sub_message.c(200): warning:  #181-D: argument is incompatible with corresponding format string conversion
  					sprintf(temp, "{\"method\":\"thing.event.property.post\",\"id\":\"203302322\",\"params\":{\"%s\":0},\"version\":\"1.0.0\"}", str); //如果LED2是高电平，说明是熄灭状态，需要回复关闭状态给服务器
..\HARDWARE\scr\pub_sub_message.c: 4 warnings, 0 errors
compiling total_wifi.c...
compiling oled.c...
..\HARDWARE\scr\oled.c(173): warning:  #177-D: variable "y0"  was declared but never referenced
  	u8 i,k,k1,k2,y0;
..\HARDWARE\scr\oled.c: 1 warning, 0 errors
compiling core_cm3.c...
assembling startup_stm32f10x_hd.s...
compiling time4.c...
compiling show.c...
compiling MotorRun.c...
..\HARDWARE\scr\MotorRun.c(109): warning:  #226-D: invalid format string conversion
  						printf("%MotorRun_flag %d\r\n",MotorRun_flag);
..\HARDWARE\scr\MotorRun.c: 1 warning, 0 errors
compiling system_stm32f10x.c...
compiling stm32f10x_it.c...
compiling misc.c...
compiling stm32f10x_rcc.c...
compiling stm32f10x_usart.c...
compiling stm32f10x_gpio.c...
compiling stm32f10x_exti.c...
compiling stm32f10x_tim.c...
compiling stm32f10x_adc.c...
compiling stm32f10x_iwdg.c...
compiling utils_hmac.c...
compiling stm32f10x_dma.c...
compiling utils_md5.c...
compiling utils_sha1.c...
linking...
Program Size: Code=33528 RO-data=9136 RW-data=256 ZI-data=17400  
FromELF: creating hex file...
"..\OBJ\工程文件.axf" - 0 Error(s), 6 Warning(s).

<h2>Software Packages used:</h2>

Package Vendor: Keil
                http://www.keil.com/pack/Keil.STM32F1xx_DFP.2.3.0.pack
                Keil.STM32F1xx_DFP.2.3.0
                STMicroelectronics STM32F1 Series Device Support, Drivers and Examples

<h2>Collection of Component include folders:</h2>
  C:\Users\Dusti\AppData\Local\Arm\Packs\Keil\STM32F1xx_DFP\2.3.0\Device\Include

<h2>Collection of Component Files used:</h2>
Build Time Elapsed:  00:00:04
</pre>
</body>
</html>
