Component: ARM Compiler 5.06 update 7 (build 960) Tool: armlink [4d3601]

==============================================================================

Section Cross References

    main.o(i.ctrl_auto) refers to delay.o(i.Delay_Ms) for Delay_Ms
    main.o(i.ctrl_auto) refers to printfa.o(i.__0sprintf) for __2sprintf
    main.o(i.ctrl_auto) refers to strlen.o(.text) for strlen
    main.o(i.ctrl_auto) refers to total_wifi.o(i.MQTT_PublishQs0) for MQTT_PublishQs0
    main.o(i.ctrl_auto) refers to main.o(.data) for auto_flag
    main.o(i.ctrl_auto) refers to show.o(.data) for show_num
    main.o(i.ctrl_auto) refers to total_wifi.o(.data) for SubcribePack_flag
    main.o(i.ctrl_auto) refers to main.o(.conststring) for .conststring
    main.o(i.data_caiji) refers to stm32f10x_gpio.o(i.GPIO_ReadInputDataBit) for GPIO_ReadInputDataBit
    main.o(i.data_caiji) refers to printfa.o(i.__0printf) for __2printf
    main.o(i.data_caiji) refers to dma_adc.o(i.Get_Adc_Average) for Get_Adc_Average
    main.o(i.data_caiji) refers to dht11.o(i.DHT11_Read_Data) for DHT11_Read_Data
    main.o(i.data_caiji) refers to main.o(.data) for people_num
    main.o(i.main) refers to delay.o(i.Delay_Init) for Delay_Init
    main.o(i.main) refers to usart1.o(i.Usart1_Init) for Usart1_Init
    main.o(i.main) refers to usart3.o(i.uart3_init) for uart3_init
    main.o(i.main) refers to key.o(i.KEY_Init) for KEY_Init
    main.o(i.main) refers to key.o(i.KEY_Exti_Init) for KEY_Exti_Init
    main.o(i.main) refers to dma_adc.o(i.ADCx_Init) for ADCx_Init
    main.o(i.main) refers to oled.o(i.OLED_Init) for OLED_Init
    main.o(i.main) refers to total_wifi.o(i.WiFi_ResetIO_Init) for WiFi_ResetIO_Init
    main.o(i.main) refers to total_wifi.o(i.AliIoT_Parameter_Init) for AliIoT_Parameter_Init
    main.o(i.main) refers to led.o(i.LED_Init) for LED_Init
    main.o(i.main) refers to motorrun.o(i.MOTOR_Init) for MOTOR_Init
    main.o(i.main) refers to dht11.o(i.DHT11_Init) for DHT11_Init
    main.o(i.main) refers to timer3_ping.o(i.TIM2_ENABLE_200MS) for TIM2_ENABLE_200MS
    main.o(i.main) refers to total_wifi.o(i.Connect_server) for Connect_server
    main.o(i.main) refers to main.o(i.data_caiji) for data_caiji
    main.o(i.main) refers to main.o(i.ctrl_auto) for ctrl_auto
    main.o(i.main) refers to show.o(i.Cut_screen) for Cut_screen
    main.o(i.main) refers to usart1.o(i.voice_ctrl) for voice_ctrl
    main.o(i.main) refers to total_wifi.o(.data) for SubcribePack_flag
    delay.o(i.Delay_Init) refers to misc.o(i.SysTick_CLKSourceConfig) for SysTick_CLKSourceConfig
    usart1.o(i.USART1_IRQHandler) refers to stm32f10x_usart.o(i.USART_GetITStatus) for USART_GetITStatus
    usart1.o(i.USART1_IRQHandler) refers to stm32f10x_usart.o(i.USART_ReceiveData) for USART_ReceiveData
    usart1.o(i.USART1_IRQHandler) refers to stm32f10x_usart.o(i.USART_ClearITPendingBit) for USART_ClearITPendingBit
    usart1.o(i.USART1_IRQHandler) refers to usart1.o(.data) for Usart1_RxCounter
    usart1.o(i.USART1_IRQHandler) refers to usart1.o(.bss) for Usart_Receive_Buff
    usart1.o(i.USART_Receive_byte) refers to stm32f10x_usart.o(i.USART_GetFlagStatus) for USART_GetFlagStatus
    usart1.o(i.USART_Receive_byte) refers to stm32f10x_usart.o(i.USART_ReceiveData) for USART_ReceiveData
    usart1.o(i.USART_Receive_str) refers to stm32f10x_usart.o(i.USART_GetFlagStatus) for USART_GetFlagStatus
    usart1.o(i.USART_Receive_str) refers to usart1.o(i.USART_Receive_byte) for USART_Receive_byte
    usart1.o(i.USART_Receive_str) refers to usart1.o(.bss) for Usart_Receive_Buff
    usart1.o(i.Usart1_Init) refers to misc.o(i.NVIC_PriorityGroupConfig) for NVIC_PriorityGroupConfig
    usart1.o(i.Usart1_Init) refers to stm32f10x_rcc.o(i.RCC_APB2PeriphClockCmd) for RCC_APB2PeriphClockCmd
    usart1.o(i.Usart1_Init) refers to stm32f10x_gpio.o(i.GPIO_Init) for GPIO_Init
    usart1.o(i.Usart1_Init) refers to stm32f10x_usart.o(i.USART_Init) for USART_Init
    usart1.o(i.Usart1_Init) refers to stm32f10x_usart.o(i.USART_ClearFlag) for USART_ClearFlag
    usart1.o(i.Usart1_Init) refers to stm32f10x_usart.o(i.USART_ITConfig) for USART_ITConfig
    usart1.o(i.Usart1_Init) refers to misc.o(i.NVIC_Init) for NVIC_Init
    usart1.o(i.Usart1_Init) refers to stm32f10x_usart.o(i.USART_Cmd) for USART_Cmd
    usart1.o(i.fputc) refers to stm32f10x_usart.o(i.USART_SendData) for USART_SendData
    usart1.o(i.fputc) refers to stm32f10x_usart.o(i.USART_GetFlagStatus) for USART_GetFlagStatus
    usart1.o(i.my_printf) refers to printfa.o(i.__0vsprintf) for vsprintf
    usart1.o(i.my_printf) refers to usart1.o(i.send_str) for send_str
    usart1.o(i.my_printf) refers to memseta.o(.text) for __aeabi_memclr
    usart1.o(i.my_printf) refers to usart1.o(.bss) for Usart_buff
    usart1.o(i.send_byte) refers to stm32f10x_usart.o(i.USART_GetFlagStatus) for USART_GetFlagStatus
    usart1.o(i.send_byte) refers to stm32f10x_usart.o(i.USART_SendData) for USART_SendData
[...]
    i.Get_Adc_Average                        0x08001c98   Section        0  dma_adc.o(i.Get_Adc_Average)
    i.HardFault_Handler                      0x08001ccc   Section        0  stm32f10x_it.o(i.HardFault_Handler)
    i.I2C_Start                              0x08001cd0   Section        0  oled.o(i.I2C_Start)
    i.I2C_Stop                               0x08001d00   Section        0  oled.o(i.I2C_Stop)
    i.I2C_WaitAck                            0x08001d28   Section        0  oled.o(i.I2C_WaitAck)
    i.KEY_Exti_Init                          0x08001d44   Section        0  key.o(i.KEY_Exti_Init)
    i.KEY_Init                               0x08001e18   Section        0  key.o(i.KEY_Init)
    i.LED_Init                               0x08001e3c   Section        0  led.o(i.LED_Init)
    i.Learn_instruction                      0x08001ebc   Section        0  key.o(i.Learn_instruction)
    i.MOTOR_Init                             0x0800208c   Section        0  motorrun.o(i.MOTOR_Init)
    i.MQTT_Buff_Init                         0x080020b8   Section        0  total_wifi.o(i.MQTT_Buff_Init)
    i.MQTT_ConectPack                        0x08002154   Section        0  total_wifi.o(i.MQTT_ConectPack)
    i.MQTT_DealPushdata_Qs0                  0x0800236c   Section        0  total_wifi.o(i.MQTT_DealPushdata_Qs0)
    i.MQTT_PingREQ                           0x08002474   Section        0  total_wifi.o(i.MQTT_PingREQ)
    i.MQTT_PublishQs0                        0x08002490   Section        0  total_wifi.o(i.MQTT_PublishQs0)
    i.MQTT_Subscribe                         0x0800257c   Section        0  total_wifi.o(i.MQTT_Subscribe)
    i.MemManage_Handler                      0x08002614   Section        0  stm32f10x_it.o(i.MemManage_Handler)
    i.MotorRun                               0x08002618   Section        0  motorrun.o(i.MotorRun)
    i.NMI_Handler                            0x0800296c   Section        0  stm32f10x_it.o(i.NMI_Handler)
    i.NVIC_Init                              0x08002970   Section        0  misc.o(i.NVIC_Init)
    i.NVIC_PriorityGroupConfig               0x080029e0   Section        0  misc.o(i.NVIC_PriorityGroupConfig)
    i.OLED_Clear                             0x080029f4   Section        0  oled.o(i.OLED_Clear)
    i.OLED_ClearPoint                        0x08002a24   Section        0  oled.o(i.OLED_ClearPoint)
    i.OLED_DrawPoint                         0x08002a84   Section        0  oled.o(i.OLED_DrawPoint)
    i.OLED_Init                              0x08002ac0   Section        0  oled.o(i.OLED_Init)
    i.OLED_Pow                               0x08002be8   Section        0  oled.o(i.OLED_Pow)
    i.OLED_Refresh                           0x08002c00   Section        0  oled.o(i.OLED_Refresh)
    i.OLED_ShowChar                          0x08002c4c   Section        0  oled.o(i.OLED_ShowChar)
    i.OLED_ShowNum                           0x08002d48   Section        0  oled.o(i.OLED_ShowNum)
    i.OLED_ShowString                        0x08002dbc   Section        0  oled.o(i.OLED_ShowString)
    i.OLED_WR_Byte                           0x08002dfe   Section        0  oled.o(i.OLED_WR_Byte)
    i.OLED_show_one_chinese                  0x08002e38   Section        0  oled.o(i.OLED_show_one_chinese)
    i.OLED_show_str                          0x08002f00   Section        0  oled.o(i.OLED_show_str)
    i.PendSV_Handler                         0x08002f40   Section        0  stm32f10x_it.o(i.PendSV_Handler)
    i.RCC_ADCCLKConfig                       0x08002f44   Section        0  stm32f10x_rcc.o(i.RCC_ADCCLKConfig)
    i.RCC_AHBPeriphClockCmd                  0x08002f5c   Section        0  stm32f10x_rcc.o(i.RCC_AHBPeriphClockCmd)
    i.RCC_APB1PeriphClockCmd                 0x08002f7c   Section        0  stm32f10x_rcc.o(i.RCC_APB1PeriphClockCmd)
    i.RCC_APB1PeriphResetCmd                 0x08002f9c   Section        0  stm32f10x_rcc.o(i.RCC_APB1PeriphResetCmd)
    i.RCC_APB2PeriphClockCmd                 0x08002fbc   Section        0  stm32f10x_rcc.o(i.RCC_APB2PeriphClockCmd)
    i.RCC_APB2PeriphResetCmd                 0x08002fdc   Section        0  stm32f10x_rcc.o(i.RCC_APB2PeriphResetCmd)
    i.RCC_GetClocksFreq                      0x08002ffc   Section        0  stm32f10x_rcc.o(i.RCC_GetClocksFreq)
    i.SVC_Handler                            0x080030d0   Section        0  stm32f10x_it.o(i.SVC_Handler)
    i.Send_Byte                              0x080030d4   Section        0  oled.o(i.Send_Byte)
    i.SetSysClock                            0x08003128   Section        0  system_stm32f10x.o(i.SetSysClock)
    SetSysClock                              0x08003129   Thumb Code     8  system_stm32f10x.o(i.SetSysClock)
    i.SetSysClockTo72                        0x08003130   Section        0  system_stm32f10x.o(i.SetSysClockTo72)
    SetSysClockTo72                          0x08003131   Thumb Code   214  system_stm32f10x.o(i.SetSysClockTo72)
    i.SysTick_CLKSourceConfig                0x08003210   Section        0  misc.o(i.SysTick_CLKSourceConfig)
    i.SysTick_Handler                        0x08003238   Section        0  stm32f10x_it.o(i.SysTick_Handler)
    i.SystemInit                             0x0800323c   Section        0  system_stm32f10x.o(i.SystemInit)
    i.TIM2_ENABLE_200MS                      0x0800329c   Section        0  timer3_ping.o(i.TIM2_ENABLE_200MS)
    i.TIM2_IRQHandler                        0x08003314   Section        0  timer3_ping.o(i.TIM2_IRQHandler)
    i.TIM3_ENABLE_2S                         0x08003344   Section        0  timer3_ping.o(i.TIM3_ENABLE_2S)
    i.TIM3_ENABLE_30S                        0x080033bc   Section        0  timer3_ping.o(i.TIM3_ENABLE_30S)
    i.TIM3_IRQHandler                        0x08003434   Section        0  timer3_ping.o(i.TIM3_IRQHandler)
    i.TIM4_IRQHandler                        0x080034a4   Section        0  time4.o(i.TIM4_IRQHandler)
    i.TIM_ClearITPendingBit                  0x080034c0   Section        0  stm32f10x_tim.o(i.TIM_ClearITPendingBit)
    i.TIM_Cmd                                0x080034c6   Section        0  stm32f10x_tim.o(i.TIM_Cmd)
    i.TIM_DeInit                             0x080034e0   Section        0  stm32f10x_tim.o(i.TIM_DeInit)
    i.TIM_GetITStatus                        0x080036c8   Section        0  stm32f10x_tim.o(i.TIM_GetITStatus)
    i.TIM_ITConfig                           0x080036ea   Section        0  stm32f10x_tim.o(i.TIM_ITConfig)
    i.TIM_TimeBaseInit                       0x080036fc   Section        0  stm32f10x_tim.o(i.TIM_TimeBaseInit)
    i.TxDataBuf_Deal                         0x080037a0   Section        0  total_wifi.o(i.TxDataBuf_Deal)
    i.USART1_IRQHandler                      0x08003804   Section        0  usart1.o(i.USART1_IRQHandler)
    i.USART2_IRQHandler                      0x08003868   Section        0  usart2.o(i.USART2_IRQHandler)
    i.USART3_IRQHandler                      0x08003958   Section        0  usart3.o(i.USART3_IRQHandler)
    i.USART_ClearFlag                        0x08003ab0   Section        0  stm32f10x_usart.o(i.USART_ClearFlag)
    i.USART_ClearITPendingBit                0x08003ac2   Section        0  stm32f10x_usart.o(i.USART_ClearITPendingBit)
    i.USART_Cmd                              0x08003ae0   Section        0  stm32f10x_usart.o(i.USART_Cmd)
    i.USART_DMACmd                           0x08003af8   Section        0  stm32f10x_usart.o(i.USART_DMACmd)
    i.USART_DeInit                           0x08003b0c   Section        0  stm32f10x_usart.o(i.USART_DeInit)
    i.USART_GetFlagStatus                    0x08003ba8   Section        0  stm32f10x_usart.o(i.USART_GetFlagStatus)
    i.USART_GetITStatus                      0x08003bc2   Section        0  stm32f10x_usart.o(i.USART_GetITStatus)
    i.USART_ITConfig                         0x08003c16   Section        0  stm32f10x_usart.o(i.USART_ITConfig)
    i.USART_Init                             0x08003c60   Section        0  stm32f10x_usart.o(i.USART_Init)
    i.USART_ReceiveData                      0x08003d38   Section        0  stm32f10x_usart.o(i.USART_ReceiveData)
    i.USART_SendData                         0x08003d42   Section        0  stm32f10x_usart.o(i.USART_SendData)
    i.UsageFault_Handler                     0x08003d4a   Section        0  stm32f10x_it.o(i.UsageFault_Handler)
    i.Usart1_Init                            0x08003d4c   Section        0  usart1.o(i.Usart1_Init)
    i.Usart2DMA_init                         0x08003e10   Section        0  usart2.o(i.Usart2DMA_init)
    i.Usart2_IDELInit                        0x08003ee0   Section        0  usart2.o(i.Usart2_IDELInit)
    i.Usart2_Init                            0x08003fb0   Section        0  usart2.o(i.Usart2_Init)
    i.WiFi_Connect_IoTServer                 0x08004070   Section        0  total_wifi.o(i.WiFi_Connect_IoTServer)
    i.WiFi_Connect_Server                    0x0800460c   Section        0  total_wifi.o(i.WiFi_Connect_Server)
    i.WiFi_JoinAP                            0x08004760   Section        0  total_wifi.o(i.WiFi_JoinAP)
    i.WiFi_Reset                             0x08004840   Section        0  total_wifi.o(i.WiFi_Reset)
    i.WiFi_ResetIO_Init                      0x080048c4   Section        0  total_wifi.o(i.WiFi_ResetIO_Init)
    i.WiFi_SendCmd                           0x080048f8   Section        0  total_wifi.o(i.WiFi_SendCmd)
    i.WiFi_Smartconfig                       0x0800496c   Section        0  total_wifi.o(i.WiFi_Smartconfig)
    i.WiFi_WaitAP                            0x080049d8   Section        0  total_wifi.o(i.WiFi_WaitAP)
    i.__0printf                              0x08004a30   Section        0  printfa.o(i.__0printf)
    i.__0sprintf                             0x08004a50   Section        0  printfa.o(i.__0sprintf)
    i.__0vsprintf                            0x08004a78   Section        0  printfa.o(i.__0vsprintf)
    i.__aeabi_errno_addr                     0x08004a9c   Section        0  errno.o(i.__aeabi_errno_addr)
    i.__scatterload_copy                     0x08004aa4   Section       14  handlers.o(i.__scatterload_copy)
    i.__scatterload_null                     0x08004ab2   Section        2  handlers.o(i.__scatterload_null)
    i.__scatterload_zeroinit                 0x08004ab4   Section       14  handlers.o(i.__scatterload_zeroinit)
    i._fp_digits                             0x08004ac4   Section        0  printfa.o(i._fp_digits)
    _fp_digits                               0x08004ac5   Thumb Code   366  printfa.o(i._fp_digits)
    i._printf_core                           0x08004c48   Section        0  printfa.o(i._printf_core)
    _printf_core                             0x08004c49   Thumb Code  1704  printfa.o(i._printf_core)
    i._printf_post_padding                   0x080052fc   Section        0  printfa.o(i._printf_post_padding)
    _printf_post_padding                     0x080052fd   Thumb Code    36  printfa.o(i._printf_post_padding)
    i._printf_pre_padding                    0x08005320   Section        0  printfa.o(i._printf_pre_padding)
    _printf_pre_padding                      0x08005321   Thumb Code    46  printfa.o(i._printf_pre_padding)
    i._sputc                                 0x0800534e   Section        0  printfa.o(i._sputc)
    _sputc                                   0x0800534f   Thumb Code    10  printfa.o(i._sputc)
    i.admin_sub                              0x08005358   Section        0  key.o(i.admin_sub)
    i.ctrl_auto                              0x080053c8   Section        0  main.o(i.ctrl_auto)
    i.data_caiji                             0x080055bc   Section        0  main.o(i.data_caiji)
    i.data_show                              0x080056e0   Section        0  show.o(i.data_show)
    i.data_sta                               0x080058fc   Section        0  pub_sub_message.o(i.data_sta)
    i.delay_10us                             0x08005964   Section        0  motorrun.o(i.delay_10us)
    i.fputc                                  0x08005978   Section        0  usart1.o(i.fputc)
    i.init_State                             0x0800599c   Section        0  pub_sub_message.o(i.init_State)
    i.judge_data_sta                         0x08005a38   Section        0  pub_sub_message.o(i.judge_data_sta)
    i.main                                   0x08005abc   Section        0  main.o(i.main)
    i.main_sreen                             0x08005b1c   Section        0  show.o(i.main_sreen)
    i.publish_message                        0x08005b78   Section        0  pub_sub_message.o(i.publish_message)
    i.send_byte                              0x08005f7c   Section        0  usart1.o(i.send_byte)
    i.set_show                               0x08005f9c   Section        0  show.o(i.set_show)
    i.show_Learn_instruction                 0x08006068   Section        0  show.o(i.show_Learn_instruction)
    i.show_admin                             0x08006238   Section        0  show.o(i.show_admin)
    i.show_beep                              0x08006294   Section        0  show.o(i.show_beep)
    i.u2_TxData                              0x08006350   Section        0  usart2.o(i.u2_TxData)
    i.u2_printf                              0x08006384   Section        0  usart2.o(i.u2_printf)
    i.uart3_init                             0x080063e0   Section        0  usart3.o(i.uart3_init)
    i.utils_hb2hex                           0x0800649c   Section        0  utils_md5.o(i.utils_hb2hex)
    i.utils_hmac_sha1                        0x080064b4   Section        0  utils_hmac.o(i.utils_hmac_sha1)
    i.utils_sha1_finish                      0x0800659c   Section        0  utils_sha1.o(i.utils_sha1_finish)
    i.utils_sha1_init                        0x08006684   Section        0  utils_sha1.o(i.utils_sha1_init)
    i.utils_sha1_process                     0x08006694   Section        0  utils_sha1.o(i.utils_sha1_process)
    i.utils_sha1_starts                      0x08007fb0   Section        0  utils_sha1.o(i.utils_sha1_starts)
    i.utils_sha1_update                      0x08007fdc   Section        0  utils_sha1.o(i.utils_sha1_update)
    i.voice_ctrl                             0x08008058   Section        0  usart1.o(i.voice_ctrl)
    .constdata                               0x08008428   Section     7410  oled.o(.constdata)
    .constdata                               0x0800a11a   Section       64  utils_sha1.o(.constdata)
    iot_sha1_padding                         0x0800a11a   Data          64  utils_sha1.o(.constdata)
    .constdata                               0x0800a15a   Section      129  ctype_o.o(.constdata)
    .constdata                               0x0800a1dc   Section        4  ctype_o.o(.constdata)
    table                                    0x0800a1dc   Data           4  ctype_o.o(.constdata)
    .conststring                             0x0800a1e0   Section      413  main.o(.conststring)
    .conststring                             0x0800a380   Section      127  key.o(.conststring)
    .conststring                             0x0800a400   Section      645  pub_sub_message.o(.conststring)
    .data                                    0x20000000   Section       90  main.o(.data)
    .data                                    0x2000005c   Section        5  usart1.o(.data)
    .data                                    0x20000064   Section        9  usart2.o(.data)
    .data                                    0x20000070   Section       69  total_wifi.o(.data)
    .data                                    0x200000b8   Section       12  pub_sub_message.o(.data)
    .data                                    0x200000c4   Section        6  dma_adc.o(.data)
    .data                                    0x200000cc   Section       17  usart3.o(.data)
    .data                                    0x200000dd   Section        6  show.o(.data)
    .data                                    0x200000e3   Section        1  motorrun.o(.data)
    .data                                    0x200000e4   Section       20  stm32f10x_rcc.o(.data)
    APBAHBPrescTable                         0x200000e4   Data          16  stm32f10x_rcc.o(.data)
    ADCPrescTable                            0x200000f4   Data           4  stm32f10x_rcc.o(.data)
    .data                                    0x200000f8   Section        4  stdout.o(.data)
    .data                                    0x200000fc   Section        4  errno.o(.data)
    _errno                                   0x200000fc   Data           4  errno.o(.data)
    .bss                                     0x20000100   Section     1534  usart1.o(.bss)
    .bss                                     0x20000700   Section     2048  usart2.o(.bss)
    .bss                                     0x20000f00   Section     8012  total_wifi.o(.bss)
    .bss                                     0x20002e4c   Section       50  pub_sub_message.o(.bss)
    .bss                                     0x20002e7e   Section     1152  oled.o(.bss)
    .bss                                     0x200032fe   Section      500  usart3.o(.bss)
    STACK                                    0x200034f8   Section     4096  startup_stm32f10x_hd.o(STACK)

    Global Symbols

    Symbol Name                              Value     Ov Type        Size  Object(Section)

    BuildAttributes$$THM_ISAv4$P$D$K$B$S$PE$A:L22UL41UL21$X:L11$S22US41US21$IEEE1$IW$USESV6$~STKCKD$USESV7$~SHL$OSPACE$ROPI$EBA8$MICROLIB$REQ8$PRES8$EABIv2 0x00000000   Number         0  anon$$obj.o ABSOLUTE
    __ARM_use_no_argv                        0x00000000   Number         0  main.o ABSOLUTE
    _printf_a                                0x00000000   Number         0  stubs.o ABSOLUTE
    _printf_c                                0x00000000   Number         0  stubs.o ABSOLUTE
    _printf_charcount                        0x00000000   Number         0  stubs.o ABSOLUTE
    _printf_d                                0x00000000   Number         0  stubs.o ABSOLUTE
    _printf_e                                0x00000000   Number         0  stubs.o ABSOLUTE
    _printf_f                                0x00000000   Number         0  stubs.o ABSOLUTE
    _printf_flags                            0x00000000   Number         0  stubs.o ABSOLUTE
    _printf_fp_dec                           0x00000000   Number         0  stubs.o ABSOLUTE
    _printf_fp_hex                           0x00000000   Number         0  stubs.o ABSOLUTE
    _printf_g                                0x00000000   Number         0  stubs.o ABSOLUTE
    _printf_i                                0x00000000   Number         0  stubs.o ABSOLUTE
    _printf_int_dec                          0x00000000   Number         0  stubs.o ABSOLUTE
    _printf_l                                0x00000000   Number         0  stubs.o ABSOLUTE
    _printf_lc                               0x00000000   Number         0  stubs.o ABSOLUTE
    _printf_ll                               0x00000000   Number         0  stubs.o ABSOLUTE
    _printf_lld                              0x00000000   Number         0  stubs.o ABSOLUTE
    _printf_lli                              0x00000000   Number         0  stubs.o ABSOLUTE
    _printf_llo                              0x00000000   Number         0  stubs.o ABSOLUTE
    _printf_llu                              0x00000000   Number         0  stubs.o ABSOLUTE
    _printf_llx                              0x00000000   Number         0  stubs.o ABSOLUTE
    _printf_longlong_dec                     0x00000000   Number         0  stubs.o ABSOLUTE
    _printf_longlong_hex                     0x00000000   Number         0  stubs.o ABSOLUTE
    _printf_longlong_oct                     0x00000000   Number         0  stubs.o ABSOLUTE
    _printf_ls                               0x00000000   Number         0  stubs.o ABSOLUTE
    _printf_mbtowc                           0x00000000   Number         0  stubs.o ABSOLUTE
    _printf_n                                0x00000000   Number         0  stubs.o ABSOLUTE
    _printf_o                                0x00000000   Number         0  stubs.o ABSOLUTE
    _printf_p                                0x00000000   Number         0  stubs.o ABSOLUTE
    _printf_percent                          0x00000000   Number         0  stubs.o ABSOLUTE
    _printf_pre_padding                      0x00000000   Number         0  stubs.o ABSOLUTE
    _printf_return_value                     0x00000000   Number         0  stubs.o ABSOLUTE
    _printf_s                                0x00000000   Number         0  stubs.o ABSOLUTE
    _printf_sizespec                         0x00000000   Number         0  stubs.o ABSOLUTE
    _printf_str                              0x00000000   Number         0  stubs.o ABSOLUTE
    _printf_truncate_signed                  0x00000000   Number         0  stubs.o ABSOLUTE
    _printf_truncate_unsigned                0x00000000   Number         0  stubs.o ABSOLUTE
    _printf_u                                0x00000000   Number         0  stubs.o ABSOLUTE
    _printf_wc                               0x00000000   Number         0  stubs.o ABSOLUTE
    _printf_wctomb                           0x00000000   Number         0  stubs.o ABSOLUTE
    _printf_widthprec                        0x00000000   Number         0  stubs.o ABSOLUTE
    _printf_x                                0x00000000   Number         0  stubs.o ABSOLUTE
    __arm_fini_                               - Undefined Weak Reference
    __cpp_initialize__aeabi_                  - Undefined Weak Reference
    __cxa_finalize                            - Undefined Weak Reference
    __decompress                              - Undefined Weak Reference
    _clock_init                               - Undefined Weak Reference
    _microlib_exit                            - Undefined Weak Reference
    __Vectors_Size                           0x00000130   Number         0  startup_stm32f10x_hd.o ABSOLUTE
    __Vectors                                0x08000000   Data           4  startup_stm32f10x_hd.o(RESET)
    __Vectors_End                            0x08000130   Data           0  startup_stm32f10x_hd.o(RESET)
    __main                                   0x08000131   Thumb Code     0  entry.o(.ARM.Collect$$$$00000000)
    _main_stk                                0x08000131   Thumb Code     0  entry2.o(.ARM.Collect$$$$00000001)
    _main_scatterload                        0x08000135   Thumb Code     0  entry5.o(.ARM.Collect$$$$00000004)
    __main_after_scatterload                 0x08000139   Thumb Code     0  entry5.o(.ARM.Collect$$$$00000004)
    _main_clock                              0x08000139   Thumb Code     0  entry7b.o(.ARM.Collect$$$$00000008)
    _main_cpp_init                           0x08000139   Thumb Code     0  entry8b.o(.ARM.Collect$$$$0000000A)
    _main_init                               0x08000139   Thumb Code     0  entry9a.o(.ARM.Collect$$$$0000000B)
    __rt_lib_shutdown_fini                   0x08000141   Thumb Code     0  entry12b.o(.ARM.Collect$$$$0000000E)
    __rt_final_cpp                           0x08000145   Thumb Code     0  entry10a.o(.ARM.Collect$$$$0000000F)
    __rt_final_exit                          0x08000145   Thumb Code     0  entry11a.o(.ARM.Collect$$$$00000011)
    Reset_Handler                            0x08000149   Thumb Code     8  startup_stm32f10x_hd.o(.text)
    ADC1_2_IRQHandler                        0x08000163   Thumb Code     0  startup_stm32f10x_hd.o(.text)
    ADC3_IRQHandler                          0x08000163   Thumb Code     0  startup_stm32f10x_hd.o(.text)
    CAN1_RX1_IRQHandler                      0x08000163   Thumb Code     0  startup_stm32f10x_hd.o(.text)
    CAN1_SCE_IRQHandler                      0x08000163   Thumb Code     0  startup_stm32f10x_hd.o(.text)
    DMA1_Channel1_IRQHandler                 0x08000163   Thumb Code     0  startup_stm32f10x_hd.o(.text)
    DMA1_Channel2_IRQHandler                 0x08000163   Thumb Code     0  startup_stm32f10x_hd.o(.text)
    DMA1_Channel3_IRQHandler                 0x08000163   Thumb Code     0  startup_stm32f10x_hd.o(.text)
    DMA1_Channel4_IRQHandler                 0x08000163   Thumb Code     0  startup_stm32f10x_hd.o(.text)
    DMA1_Channel5_IRQHandler                 0x08000163   Thumb Code     0  startup_stm32f10x_hd.o(.text)
    DMA1_Channel6_IRQHandler                 0x08000163   Thumb Code     0  startup_stm32f10x_hd.o(.text)
    DMA2_Channel1_IRQHandler                 0x08000163   Thumb Code     0  startup_stm32f10x_hd.o(.text)
    DMA2_Channel2_IRQHandler                 0x08000163   Thumb Code     0  startup_stm32f10x_hd.o(.text)
    DMA2_Channel3_IRQHandler                 0x08000163   Thumb Code     0  startup_stm32f10x_hd.o(.text)
    DMA2_Channel4_5_IRQHandler               0x08000163   Thumb Code     0  startup_stm32f10x_hd.o(.text)
    EXTI0_IRQHandler                         0x08000163   Thumb Code     0  startup_stm32f10x_hd.o(.text)
    EXTI15_10_IRQHandler                     0x08000163   Thumb Code     0  startup_stm32f10x_hd.o(.text)
    EXTI1_IRQHandler                         0x08000163   Thumb Code     0  startup_stm32f10x_hd.o(.text)
    EXTI2_IRQHandler                         0x08000163   Thumb Code     0  startup_stm32f10x_hd.o(.text)
    EXTI3_IRQHandler                         0x08000163   Thumb Code     0  startup_stm32f10x_hd.o(.text)
    FLASH_IRQHandler                         0x08000163   Thumb Code     0  startup_stm32f10x_hd.o(.text)
    FSMC_IRQHandler                          0x08000163   Thumb Code     0  startup_stm32f10x_hd.o(.text)
    I2C1_ER_IRQHandler                       0x08000163   Thumb Code     0  startup_stm32f10x_hd.o(.text)
    I2C1_EV_IRQHandler                       0x08000163   Thumb Code     0  startup_stm32f10x_hd.o(.text)
    I2C2_ER_IRQHandler                       0x08000163   Thumb Code     0  startup_stm32f10x_hd.o(.text)
    I2C2_EV_IRQHandler                       0x08000163   Thumb Code     0  startup_stm32f10x_hd.o(.text)
    PVD_IRQHandler                           0x08000163   Thumb Code     0  startup_stm32f10x_hd.o(.text)
    RCC_IRQHandler                           0x08000163   Thumb Code     0  startup_stm32f10x_hd.o(.text)
    RTCAlarm_IRQHandler                      0x08000163   Thumb Code     0  startup_stm32f10x_hd.o(.text)
    RTC_IRQHandler                           0x08000163   Thumb Code     0  startup_stm32f10x_hd.o(.text)
    SDIO_IRQHandler                          0x08000163   Thumb Code     0  startup_stm32f10x_hd.o(.text)
    SPI1_IRQHandler                          0x08000163   Thumb Code     0  startup_stm32f10x_hd.o(.text)
    SPI2_IRQHandler                          0x08000163   Thumb Code     0  startup_stm32f10x_hd.o(.text)
    SPI3_IRQHandler                          0x08000163   Thumb Code     0  startup_stm32f10x_hd.o(.text)
    TAMPER_IRQHandler                        0x08000163   Thumb Code     0  startup_stm32f10x_hd.o(.text)
    TIM1_BRK_IRQHandler                      0x08000163   Thumb Code     0  startup_stm32f10x_hd.o(.text)
    TIM1_CC_IRQHandler                       0x08000163   Thumb Code     0  startup_stm32f10x_hd.o(.text)
    TIM1_TRG_COM_IRQHandler                  0x08000163   Thumb Code     0  startup_stm32f10x_hd.o(.text)
    TIM1_UP_IRQHandler                       0x08000163   Thumb Code     0  startup_stm32f10x_hd.o(.text)
    TIM5_IRQHandler                          0x08000163   Thumb Code     0  startup_stm32f10x_hd.o(.text)
    TIM6_IRQHandler                          0x08000163   Thumb Code     0  startup_stm32f10x_hd.o(.text)
    TIM7_IRQHandler                          0x08000163   Thumb Code     0  startup_stm32f10x_hd.o(.text)
    TIM8_BRK_IRQHandler                      0x08000163   Thumb Code     0  startup_stm32f10x_hd.o(.text)
    TIM8_CC_IRQHandler                       0x08000163   Thumb Code     0  startup_stm32f10x_hd.o(.text)
    TIM8_TRG_COM_IRQHandler                  0x08000163   Thumb Code     0  startup_stm32f10x_hd.o(.text)
    TIM8_UP_IRQHandler                       0x08000163   Thumb Code     0  startup_stm32f10x_hd.o(.text)
    UART4_IRQHandler                         0x08000163   Thumb Code     0  startup_stm32f10x_hd.o(.text)
    UART5_IRQHandler                         0x08000163   Thumb Code     0  startup_stm32f10x_hd.o(.text)
    USBWakeUp_IRQHandler                     0x08000163   Thumb Code     0  startup_stm32f10x_hd.o(.text)
    USB_HP_CAN1_TX_IRQHandler                0x08000163   Thumb Code     0  startup_stm32f10x_hd.o(.text)
    USB_LP_CAN1_RX0_IRQHandler               0x08000163   Thumb Code     0  startup_stm32f10x_hd.o(.text)
    WWDG_IRQHandler                          0x08000163   Thumb Code     0  startup_stm32f10x_hd.o(.text)
    __aeabi_memcpy                           0x0800016d   Thumb Code    36  memcpya.o(.text)
    __aeabi_memcpy4                          0x0800016d   Thumb Code     0  memcpya.o(.text)
    __aeabi_memcpy8                          0x0800016d   Thumb Code     0  memcpya.o(.text)
    __aeabi_memset                           0x08000191   Thumb Code    14  memseta.o(.text)
    __aeabi_memset4                          0x08000191   Thumb Code     0  memseta.o(.text)
    __aeabi_memset8                          0x08000191   Thumb Code     0  memseta.o(.text)
    __aeabi_memclr                           0x0800019f   Thumb Code     4  memseta.o(.text)
    __aeabi_memclr4                          0x0800019f   Thumb Code     0  memseta.o(.text)
    __aeabi_memclr8                          0x0800019f   Thumb Code     0  memseta.o(.text)
    _memset$wrapper                          0x080001a3   Thumb Code    18  memseta.o(.text)
    strstr                                   0x080001b5   Thumb Code    36  strstr.o(.text)
    strlen                                   0x080001d9   Thumb Code    14  strlen.o(.text)
    strcmp                                   0x080001e7   Thumb Code    28  strcmp.o(.text)
    atoi                                     0x08000203   Thumb Code    26  atoi.o(.text)
    __aeabi_uidiv                            0x0800021d   Thumb Code     0  uidiv.o(.text)
    __aeabi_uidivmod                         0x0800021d   Thumb Code    44  uidiv.o(.text)
    __aeabi_uldivmod                         0x08000249   Thumb Code    98  uldiv.o(.text)
    strtol                                   0x080002ab   Thumb Code   112  strtol.o(.text)
    __I$use$fp                               0x0800031b   Thumb Code     0  iusefp.o(.text)
    __aeabi_dadd                             0x0800031b   Thumb Code   322  dadd.o(.text)
    __aeabi_dsub                             0x0800045d   Thumb Code     6  dadd.o(.text)
    __aeabi_drsub                            0x08000463   Thumb Code     6  dadd.o(.text)
    __aeabi_dmul                             0x08000469   Thumb Code   228  dmul.o(.text)
    __aeabi_ddiv                             0x0800054d   Thumb Code   222  ddiv.o(.text)
    __aeabi_d2ulz                            0x0800062b   Thumb Code    48  dfixul.o(.text)
    __aeabi_cdrcmple                         0x0800065d   Thumb Code    48  cdrcmple.o(.text)
    __scatterload                            0x0800068d   Thumb Code    28  init.o(.text)
    __scatterload_rt2                        0x0800068d   Thumb Code     0  init.o(.text)
    __aeabi_llsl                             0x080006b1   Thumb Code    30  llshl.o(.text)
    _ll_shift_l                              0x080006b1   Thumb Code     0  llshl.o(.text)
    __aeabi_llsr                             0x080006cf   Thumb Code    32  llushr.o(.text)
    _ll_ushift_r                             0x080006cf   Thumb Code     0  llushr.o(.text)
    __aeabi_lasr                             0x080006ef   Thumb Code    36  llsshr.o(.text)
    _ll_sshift_r                             0x080006ef   Thumb Code     0  llsshr.o(.text)
    __rt_ctype_table                         0x08000715   Thumb Code     4  ctype_o.o(.text)
    _strtoul                                 0x0800071d   Thumb Code   158  _strtoul.o(.text)
    _double_round                            0x080007bb   Thumb Code    30  depilogue.o(.text)
    _double_epilogue                         0x080007d9   Thumb Code   156  depilogue.o(.text)
    _chval                                   0x08000875   Thumb Code    28  _chval.o(.text)
    ADC_Cmd                                  0x08000891   Thumb Code    22  stm32f10x_adc.o(i.ADC_Cmd)
    ADC_DMACmd                               0x080008a7   Thumb Code    22  stm32f10x_adc.o(i.ADC_DMACmd)
    ADC_GetCalibrationStatus                 0x080008bd   Thumb Code    20  stm32f10x_adc.o(i.ADC_GetCalibrationStatus)
    ADC_GetResetCalibrationStatus            0x080008d1   Thumb Code    20  stm32f10x_adc.o(i.ADC_GetResetCalibrationStatus)
    ADC_Init                                 0x080008e5   Thumb Code    70  stm32f10x_adc.o(i.ADC_Init)
    ADC_RegularChannelConfig                 0x08000935   Thumb Code   184  stm32f10x_adc.o(i.ADC_RegularChannelConfig)
    ADC_ResetCalibration                     0x080009ed   Thumb Code    10  stm32f10x_adc.o(i.ADC_ResetCalibration)
    ADC_SoftwareStartConvCmd                 0x080009f7   Thumb Code    22  stm32f10x_adc.o(i.ADC_SoftwareStartConvCmd)
    ADC_StartCalibration                     0x08000a0d   Thumb Code    10  stm32f10x_adc.o(i.ADC_StartCalibration)
    ADCx_Init                                0x08000a41   Thumb Code    12  dma_adc.o(i.ADCx_Init)
    AliIoT_Parameter_Init                    0x08000b59   Thumb Code   186  total_wifi.o(i.AliIoT_Parameter_Init)
    BusFault_Handler                         0x08000d2d   Thumb Code     2  stm32f10x_it.o(i.BusFault_Handler)
    CMDBuf_Deal                              0x08000d31   Thumb Code    96  total_wifi.o(i.CMDBuf_Deal)
    Connect_server                           0x08000d9d   Thumb Code   612  total_wifi.o(i.Connect_server)
    Cut_screen                               0x08001225   Thumb Code   114  show.o(i.Cut_screen)
    DHT11_Check                              0x080012ad   Thumb Code    92  dht11.o(i.DHT11_Check)
    DHT11_Init                               0x08001311   Thumb Code    58  dht11.o(i.DHT11_Init)
    DHT11_Read_Bit                           0x08001351   Thumb Code    70  dht11.o(i.DHT11_Read_Bit)
    DHT11_Read_Byte                          0x0800139d   Thumb Code    30  dht11.o(i.DHT11_Read_Byte)
    DHT11_Read_Data                          0x080013bb   Thumb Code    88  dht11.o(i.DHT11_Read_Data)
    DHT11_Rst                                0x08001415   Thumb Code    52  dht11.o(i.DHT11_Rst)
    DMA1_Channel7_IRQHandler                 0x08001455   Thumb Code    36  usart2.o(i.DMA1_Channel7_IRQHandler)
    DMA_ClearITPendingBit                    0x08001481   Thumb Code    18  stm32f10x_dma.o(i.DMA_ClearITPendingBit)
    DMA_Cmd                                  0x0800149d   Thumb Code    24  stm32f10x_dma.o(i.DMA_Cmd)
    DMA_DeInit                               0x080014b5   Thumb Code   324  stm32f10x_dma.o(i.DMA_DeInit)
    DMA_GetCurrDataCounter                   0x08001601   Thumb Code     8  stm32f10x_dma.o(i.DMA_GetCurrDataCounter)
    DMA_GetITStatus                          0x08001609   Thumb Code    36  stm32f10x_dma.o(i.DMA_GetITStatus)
    DMA_ITConfig                             0x08001635   Thumb Code    18  stm32f10x_dma.o(i.DMA_ITConfig)
    DMA_Init                                 0x08001647   Thumb Code    60  stm32f10x_dma.o(i.DMA_Init)
    Data_State                               0x08001685   Thumb Code    92  pub_sub_message.o(i.Data_State)
    DebugMon_Handler                         0x08001735   Thumb Code     2  stm32f10x_it.o(i.DebugMon_Handler)
    Delay10us                                0x08001737   Thumb Code    14  motorrun.o(i.Delay10us)
    Delay_Init                               0x08001745   Thumb Code    12  delay.o(i.Delay_Init)
    Delay_Ms                                 0x08001751   Thumb Code   242  delay.o(i.Delay_Ms)
    Delay_Us                                 0x08001849   Thumb Code    66  delay.o(i.Delay_Us)
    EXTI4_IRQHandler                         0x0800188d   Thumb Code    94  key.o(i.EXTI4_IRQHandler)
    EXTI9_5_IRQHandler                       0x080018f9   Thumb Code   344  key.o(i.EXTI9_5_IRQHandler)
    EXTI_ClearITPendingBit                   0x08001a6d   Thumb Code     6  stm32f10x_exti.o(i.EXTI_ClearITPendingBit)
    EXTI_Init                                0x08001a79   Thumb Code   142  stm32f10x_exti.o(i.EXTI_Init)
    GPIO_EXTILineConfig                      0x08001b0d   Thumb Code    60  stm32f10x_gpio.o(i.GPIO_EXTILineConfig)
    GPIO_Init                                0x08001b4d   Thumb Code   278  stm32f10x_gpio.o(i.GPIO_Init)
    GPIO_ReadInputDataBit                    0x08001c63   Thumb Code    18  stm32f10x_gpio.o(i.GPIO_ReadInputDataBit)
    GPIO_ReadOutputDataBit                   0x08001c75   Thumb Code    18  stm32f10x_gpio.o(i.GPIO_ReadOutputDataBit)
    GPIO_ResetBits                           0x08001c87   Thumb Code     4  stm32f10x_gpio.o(i.GPIO_ResetBits)
    GPIO_SetBits                             0x08001c8b   Thumb Code     4  stm32f10x_gpio.o(i.GPIO_SetBits)
    GPIO_WriteBit                            0x08001c8f   Thumb Code    10  stm32f10x_gpio.o(i.GPIO_WriteBit)
    Get_Adc_Average                          0x08001c99   Thumb Code    46  dma_adc.o(i.Get_Adc_Average)
    HardFault_Handler                        0x08001ccd   Thumb Code     2  stm32f10x_it.o(i.HardFault_Handler)
    I2C_Start                                0x08001cd1   Thumb Code    44  oled.o(i.I2C_Start)
    I2C_Stop                                 0x08001d01   Thumb Code    34  oled.o(i.I2C_Stop)
    I2C_WaitAck                              0x08001d29   Thumb Code    24  oled.o(i.I2C_WaitAck)
    KEY_Exti_Init                            0x08001d45   Thumb Code   212  key.o(i.KEY_Exti_Init)
    KEY_Init                                 0x08001e19   Thumb Code    32  key.o(i.KEY_Init)
    LED_Init                                 0x08001e3d   Thumb Code   108  led.o(i.LED_Init)
    Learn_instruction                        0x08001ebd   Thumb Code   418  key.o(i.Learn_instruction)
    MOTOR_Init                               0x0800208d   Thumb Code    40  motorrun.o(i.MOTOR_Init)
    MQTT_Buff_Init                           0x080020b9   Thumb Code    82  total_wifi.o(i.MQTT_Buff_Init)
    MQTT_ConectPack                          0x08002155   Thumb Code   496  total_wifi.o(i.MQTT_ConectPack)
    MQTT_DealPushdata_Qs0                    0x0800236d   Thumb Code   234  total_wifi.o(i.MQTT_DealPushdata_Qs0)
    MQTT_PingREQ                             0x08002475   Thumb Code    22  total_wifi.o(i.MQTT_PingREQ)
    MQTT_PublishQs0                          0x08002491   Thumb Code   220  total_wifi.o(i.MQTT_PublishQs0)
    MQTT_Subscribe                           0x0800257d   Thumb Code   134  total_wifi.o(i.MQTT_Subscribe)
    MemManage_Handler                        0x08002615   Thumb Code     2  stm32f10x_it.o(i.MemManage_Handler)
    MotorRun                                 0x08002619   Thumb Code   756  motorrun.o(i.MotorRun)
    NMI_Handler                              0x0800296d   Thumb Code     2  stm32f10x_it.o(i.NMI_Handler)
    NVIC_Init                                0x08002971   Thumb Code   100  misc.o(i.NVIC_Init)
    NVIC_PriorityGroupConfig                 0x080029e1   Thumb Code    10  misc.o(i.NVIC_PriorityGroupConfig)
    OLED_Clear                               0x080029f5   Thumb Code    42  oled.o(i.OLED_Clear)
    OLED_ClearPoint                          0x08002a25   Thumb Code    90  oled.o(i.OLED_ClearPoint)
    OLED_DrawPoint                           0x08002a85   Thumb Code    54  oled.o(i.OLED_DrawPoint)
    OLED_Init                                0x08002ac1   Thumb Code   290  oled.o(i.OLED_Init)
    OLED_Pow                                 0x08002be9   Thumb Code    22  oled.o(i.OLED_Pow)
    OLED_Refresh                             0x08002c01   Thumb Code    70  oled.o(i.OLED_Refresh)
    OLED_ShowChar                            0x08002c4d   Thumb Code   240  oled.o(i.OLED_ShowChar)
    OLED_ShowNum                             0x08002d49   Thumb Code   116  oled.o(i.OLED_ShowNum)
    OLED_ShowString                          0x08002dbd   Thumb Code    66  oled.o(i.OLED_ShowString)
    OLED_WR_Byte                             0x08002dff   Thumb Code    56  oled.o(i.OLED_WR_Byte)
    OLED_show_one_chinese                    0x08002e39   Thumb Code   196  oled.o(i.OLED_show_one_chinese)
    OLED_show_str                            0x08002f01   Thumb Code    64  oled.o(i.OLED_show_str)
    PendSV_Handler                           0x08002f41   Thumb Code     2  stm32f10x_it.o(i.PendSV_Handler)
    RCC_ADCCLKConfig                         0x08002f45   Thumb Code    18  stm32f10x_rcc.o(i.RCC_ADCCLKConfig)
    RCC_AHBPeriphClockCmd                    0x08002f5d   Thumb Code    26  stm32f10x_rcc.o(i.RCC_AHBPeriphClockCmd)
    RCC_APB1PeriphClockCmd                   0x08002f7d   Thumb Code    26  stm32f10x_rcc.o(i.RCC_APB1PeriphClockCmd)
    RCC_APB1PeriphResetCmd                   0x08002f9d   Thumb Code    26  stm32f10x_rcc.o(i.RCC_APB1PeriphResetCmd)
    RCC_APB2PeriphClockCmd                   0x08002fbd   Thumb Code    26  stm32f10x_rcc.o(i.RCC_APB2PeriphClockCmd)
    RCC_APB2PeriphResetCmd                   0x08002fdd   Thumb Code    26  stm32f10x_rcc.o(i.RCC_APB2PeriphResetCmd)
    RCC_GetClocksFreq                        0x08002ffd   Thumb Code   192  stm32f10x_rcc.o(i.RCC_GetClocksFreq)
    SVC_Handler                              0x080030d1   Thumb Code     2  stm32f10x_it.o(i.SVC_Handler)
    Send_Byte                                0x080030d5   Thumb Code    80  oled.o(i.Send_Byte)
    SysTick_CLKSourceConfig                  0x08003211   Thumb Code    40  misc.o(i.SysTick_CLKSourceConfig)
    SysTick_Handler                          0x08003239   Thumb Code     2  stm32f10x_it.o(i.SysTick_Handler)
    SystemInit                               0x0800323d   Thumb Code    78  system_stm32f10x.o(i.SystemInit)
    TIM2_ENABLE_200MS                        0x0800329d   Thumb Code   118  timer3_ping.o(i.TIM2_ENABLE_200MS)
    TIM2_IRQHandler                          0x08003315   Thumb Code    44  timer3_ping.o(i.TIM2_IRQHandler)
    TIM3_ENABLE_2S                           0x08003345   Thumb Code   116  timer3_ping.o(i.TIM3_ENABLE_2S)
    TIM3_ENABLE_30S                          0x080033bd   Thumb Code   114  timer3_ping.o(i.TIM3_ENABLE_30S)
    TIM3_IRQHandler                          0x08003435   Thumb Code    98  timer3_ping.o(i.TIM3_IRQHandler)
    TIM4_IRQHandler                          0x080034a5   Thumb Code    22  time4.o(i.TIM4_IRQHandler)
    TIM_ClearITPendingBit                    0x080034c1   Thumb Code     6  stm32f10x_tim.o(i.TIM_ClearITPendingBit)
    TIM_Cmd                                  0x080034c7   Thumb Code    24  stm32f10x_tim.o(i.TIM_Cmd)
    TIM_DeInit                               0x080034e1   Thumb Code   424  stm32f10x_tim.o(i.TIM_DeInit)
    TIM_GetITStatus                          0x080036c9   Thumb Code    34  stm32f10x_tim.o(i.TIM_GetITStatus)
    TIM_ITConfig                             0x080036eb   Thumb Code    18  stm32f10x_tim.o(i.TIM_ITConfig)
    TIM_TimeBaseInit                         0x080036fd   Thumb Code   122  stm32f10x_tim.o(i.TIM_TimeBaseInit)
    TxDataBuf_Deal                           0x080037a1   Thumb Code    86  total_wifi.o(i.TxDataBuf_Deal)
    USART1_IRQHandler                        0x08003805   Thumb Code    84  usart1.o(i.USART1_IRQHandler)
    USART2_IRQHandler                        0x08003869   Thumb Code   206  usart2.o(i.USART2_IRQHandler)
    USART3_IRQHandler                        0x08003959   Thumb Code   292  usart3.o(i.USART3_IRQHandler)
    USART_ClearFlag                          0x08003ab1   Thumb Code    18  stm32f10x_usart.o(i.USART_ClearFlag)
    USART_ClearITPendingBit                  0x08003ac3   Thumb Code    30  stm32f10x_usart.o(i.USART_ClearITPendingBit)
    USART_Cmd                                0x08003ae1   Thumb Code    24  stm32f10x_usart.o(i.USART_Cmd)
    USART_DMACmd                             0x08003af9   Thumb Code    18  stm32f10x_usart.o(i.USART_DMACmd)
    USART_DeInit                             0x08003b0d   Thumb Code   134  stm32f10x_usart.o(i.USART_DeInit)
    USART_GetFlagStatus                      0x08003ba9   Thumb Code    26  stm32f10x_usart.o(i.USART_GetFlagStatus)
    USART_GetITStatus                        0x08003bc3   Thumb Code    84  stm32f10x_usart.o(i.USART_GetITStatus)
    USART_ITConfig                           0x08003c17   Thumb Code    74  stm32f10x_usart.o(i.USART_ITConfig)
    USART_Init                               0x08003c61   Thumb Code   210  stm32f10x_usart.o(i.USART_Init)
    USART_ReceiveData                        0x08003d39   Thumb Code    10  stm32f10x_usart.o(i.USART_ReceiveData)
    USART_SendData                           0x08003d43   Thumb Code     8  stm32f10x_usart.o(i.USART_SendData)
    UsageFault_Handler                       0x08003d4b   Thumb Code     2  stm32f10x_it.o(i.UsageFault_Handler)
    Usart1_Init                              0x08003d4d   Thumb Code   186  usart1.o(i.Usart1_Init)
    Usart2DMA_init                           0x08003e11   Thumb Code   192  usart2.o(i.Usart2DMA_init)
    Usart2_IDELInit                          0x08003ee1   Thumb Code   198  usart2.o(i.Usart2_IDELInit)
    Usart2_Init                              0x08003fb1   Thumb Code   182  usart2.o(i.Usart2_Init)
    WiFi_Connect_IoTServer                   0x08004071   Thumb Code   474  total_wifi.o(i.WiFi_Connect_IoTServer)
    WiFi_Connect_Server                      0x0800460d   Thumb Code   190  total_wifi.o(i.WiFi_Connect_Server)
    WiFi_JoinAP                              0x08004761   Thumb Code   146  total_wifi.o(i.WiFi_JoinAP)
    WiFi_Reset                               0x08004841   Thumb Code    98  total_wifi.o(i.WiFi_Reset)
    WiFi_ResetIO_Init                        0x080048c5   Thumb Code    48  total_wifi.o(i.WiFi_ResetIO_Init)
    WiFi_SendCmd                             0x080048f9   Thumb Code    86  total_wifi.o(i.WiFi_SendCmd)
    WiFi_Smartconfig                         0x0800496d   Thumb Code    78  total_wifi.o(i.WiFi_Smartconfig)
    WiFi_WaitAP                              0x080049d9   Thumb Code    62  total_wifi.o(i.WiFi_WaitAP)
    __0printf                                0x08004a31   Thumb Code    22  printfa.o(i.__0printf)
    __1printf                                0x08004a31   Thumb Code     0  printfa.o(i.__0printf)
    __2printf                                0x08004a31   Thumb Code     0  printfa.o(i.__0printf)
    __c89printf                              0x08004a31   Thumb Code     0  printfa.o(i.__0printf)
    printf                                   0x08004a31   Thumb Code     0  printfa.o(i.__0printf)
    __0sprintf                               0x08004a51   Thumb Code    34  printfa.o(i.__0sprintf)
    __1sprintf                               0x08004a51   Thumb Code     0  printfa.o(i.__0sprintf)
    __2sprintf                               0x08004a51   Thumb Code     0  printfa.o(i.__0sprintf)
    __c89sprintf                             0x08004a51   Thumb Code     0  printfa.o(i.__0sprintf)
    sprintf                                  0x08004a51   Thumb Code     0  printfa.o(i.__0sprintf)
    __0vsprintf                              0x08004a79   Thumb Code    30  printfa.o(i.__0vsprintf)
    __1vsprintf                              0x08004a79   Thumb Code     0  printfa.o(i.__0vsprintf)
    __2vsprintf                              0x08004a79   Thumb Code     0  printfa.o(i.__0vsprintf)
    __c89vsprintf                            0x08004a79   Thumb Code     0  printfa.o(i.__0vsprintf)
    vsprintf                                 0x08004a79   Thumb Code     0  printfa.o(i.__0vsprintf)
    __aeabi_errno_addr                       0x08004a9d   Thumb Code     4  errno.o(i.__aeabi_errno_addr)
    __rt_errno_addr                          0x08004a9d   Thumb Code     0  errno.o(i.__aeabi_errno_addr)
    __scatterload_copy                       0x08004aa5   Thumb Code    14  handlers.o(i.__scatterload_copy)
    __scatterload_null                       0x08004ab3   Thumb Code     2  handlers.o(i.__scatterload_null)
    __scatterload_zeroinit                   0x08004ab5   Thumb Code    14  handlers.o(i.__scatterload_zeroinit)
    admin_sub                                0x08005359   Thumb Code    48  key.o(i.admin_sub)
    ctrl_auto                                0x080053c9   Thumb Code   388  main.o(i.ctrl_auto)
    data_caiji                               0x080055bd   Thumb Code   236  main.o(i.data_caiji)
    data_show                                0x080056e1   Thumb Code   418  show.o(i.data_show)
    data_sta                                 0x080058fd   Thumb Code    52  pub_sub_message.o(i.data_sta)
    delay_10us                               0x08005965   Thumb Code    20  motorrun.o(i.delay_10us)
    fputc                                    0x08005979   Thumb Code    32  usart1.o(i.fputc)
    init_State                               0x0800599d   Thumb Code    76  pub_sub_message.o(i.init_State)
    judge_data_sta                           0x08005a39   Thumb Code    72  pub_sub_message.o(i.judge_data_sta)
    main                                     0x08005abd   Thumb Code    90  main.o(i.main)
    main_sreen                               0x08005b1d   Thumb Code    44  show.o(i.main_sreen)
    publish_message                          0x08005b79   Thumb Code   806  pub_sub_message.o(i.publish_message)
    send_byte                                0x08005f7d   Thumb Code    30  usart1.o(i.send_byte)
    set_show                                 0x08005f9d   Thumb Code   186  show.o(i.set_show)
    show_Learn_instruction                   0x08006069   Thumb Code   342  show.o(i.show_Learn_instruction)
    show_admin                               0x08006239   Thumb Code    60  show.o(i.show_admin)
    show_beep                                0x08006295   Thumb Code   130  show.o(i.show_beep)
    u2_TxData                                0x08006351   Thumb Code    44  usart2.o(i.u2_TxData)
    u2_printf                                0x08006385   Thumb Code    84  usart2.o(i.u2_printf)
    uart3_init                               0x080063e1   Thumb Code   178  usart3.o(i.uart3_init)
    utils_hb2hex                             0x0800649d   Thumb Code    24  utils_md5.o(i.utils_hb2hex)
    utils_hmac_sha1                          0x080064b5   Thumb Code   232  utils_hmac.o(i.utils_hmac_sha1)
    utils_sha1_finish                        0x0800659d   Thumb Code   228  utils_sha1.o(i.utils_sha1_finish)
    utils_sha1_init                          0x08006685   Thumb Code    14  utils_sha1.o(i.utils_sha1_init)
    utils_sha1_process                       0x08006695   Thumb Code  6420  utils_sha1.o(i.utils_sha1_process)
    utils_sha1_starts                        0x08007fb1   Thumb Code    30  utils_sha1.o(i.utils_sha1_starts)
    utils_sha1_update                        0x08007fdd   Thumb Code   124  utils_sha1.o(i.utils_sha1_update)
    voice_ctrl                               0x08008059   Thumb Code   732  usart1.o(i.voice_ctrl)
    asc2_1206                                0x08008428   Data        1140  oled.o(.constdata)
    asc2_1608                                0x0800889c   Data        1520  oled.o(.constdata)
    asc2_2412                                0x08008e8c   Data        3420  oled.o(.constdata)
    tfont16                                  0x08009be8   Data        1330  oled.o(.constdata)
    __ctype_table                            0x0800a15a   Data         129  ctype_o.o(.constdata)
    Region$$Table$$Base                      0x0800a688   Number         0  anon$$obj.o(Region$$Table)
    Region$$Table$$Limit                     0x0800a6a8   Number         0  anon$$obj.o(Region$$Table)
    SystemTimer                              0x20000000   Data           4  main.o(.data)
    TEHUTimer                                0x20000004   Data           4  main.o(.data)
    Learn_IR_ctrl                            0x20000008   Data          20  main.o(.data)
    IR_ctrl_on                               0x2000001c   Data          20  main.o(.data)
    IR_ctrl_off                              0x20000030   Data          20  main.o(.data)
    light                                    0x20000044   Data           1  main.o(.data)
    ppm                                      0x20000045   Data           1  main.o(.data)
    co                                       0x20000046   Data           1  main.o(.data)
    adc_light                                0x20000048   Data           2  main.o(.data)
    adc_ppm                                  0x2000004a   Data           2  main.o(.data)
    adc_co                                   0x2000004c   Data           2  main.o(.data)
    tem                                      0x2000004e   Data           1  main.o(.data)
    hum                                      0x2000004f   Data           1  main.o(.data)
    people                                   0x20000050   Data           1  main.o(.data)
    PPM_MAX                                  0x20000051   Data           1  main.o(.data)
    co_MAX                                   0x20000052   Data           1  main.o(.data)
    people_num_sta                           0x20000053   Data           1  main.o(.data)
    people_num                               0x20000054   Data           1  main.o(.data)
    auto_flag                                0x20000055   Data           1  main.o(.data)
    ppm_beep                                 0x20000056   Data           1  main.o(.data)
    ppm_beep_sta                             0x20000057   Data           1  main.o(.data)
    co_beep                                  0x20000058   Data           1  main.o(.data)
    co_beep_sta                              0x20000059   Data           1  main.o(.data)
    Usart1_RxCounter                         0x2000005c   Data           4  usart1.o(.data)
    Usart1_Rx_ok                             0x20000060   Data           1  usart1.o(.data)
    Usart2_RxCompleted                       0x20000064   Data           1  usart2.o(.data)
    Usart2_RxCounter                         0x20000068   Data           4  usart2.o(.data)
    DMA_flag                                 0x2000006c   Data           1  usart2.o(.data)
    MQTT_RxDataInPtr                         0x20000070   Data           4  total_wifi.o(.data)
    MQTT_RxDataOutPtr                        0x20000074   Data           4  total_wifi.o(.data)
    MQTT_RxDataEndPtr                        0x20000078   Data           4  total_wifi.o(.data)
    MQTT_TxDataInPtr                         0x2000007c   Data           4  total_wifi.o(.data)
    MQTT_TxDataOutPtr                        0x20000080   Data           4  total_wifi.o(.data)
    MQTT_TxDataEndPtr                        0x20000084   Data           4  total_wifi.o(.data)
    MQTT_CMDInPtr                            0x20000088   Data           4  total_wifi.o(.data)
    MQTT_CMDOutPtr                           0x2000008c   Data           4  total_wifi.o(.data)
    MQTT_CMDEndPtr                           0x20000090   Data           4  total_wifi.o(.data)
    ClientID_len                             0x20000094   Data           4  total_wifi.o(.data)
    Username_len                             0x20000098   Data           4  total_wifi.o(.data)
    Passward_len                             0x2000009c   Data           4  total_wifi.o(.data)
    ServerPort                               0x200000a0   Data           4  total_wifi.o(.data)
    Fixed_len                                0x200000a4   Data           4  total_wifi.o(.data)
    Variable_len                             0x200000a8   Data           4  total_wifi.o(.data)
    Payload_len                              0x200000ac   Data           4  total_wifi.o(.data)
    Ping_flag                                0x200000b0   Data           1  total_wifi.o(.data)
    Connect_flag                             0x200000b1   Data           1  total_wifi.o(.data)
    ConnectPack_flag                         0x200000b2   Data           1  total_wifi.o(.data)
    SubcribePack_flag                        0x200000b3   Data           1  total_wifi.o(.data)
    wifi_mode                                0x200000b4   Data           1  total_wifi.o(.data)
    star_sp                                  0x200000b8   Data           4  pub_sub_message.o(.data)
    end_sp                                   0x200000bc   Data           4  pub_sub_message.o(.data)
    identifier_data                          0x200000c0   Data           4  pub_sub_message.o(.data)
    ADC_ConvertedValue                       0x200000c4   Data           6  dma_adc.o(.data)
    Usart3_RxCompleted                       0x200000cc   Data           1  usart3.o(.data)
    Usart3_RxCounter                         0x200000d0   Data           4  usart3.o(.data)
    Usart3_Receive                           0x200000d4   Data           1  usart3.o(.data)
    Learn_on_ok1                             0x200000d5   Data           1  usart3.o(.data)
    Learn_off_ok1                            0x200000d6   Data           1  usart3.o(.data)
    Learn_on_ok2                             0x200000d7   Data           1  usart3.o(.data)
    Learn_off_ok2                            0x200000d8   Data           1  usart3.o(.data)
    Learn_on_ok3                             0x200000d9   Data           1  usart3.o(.data)
    Learn_off_ok3                            0x200000da   Data           1  usart3.o(.data)
    Learn_on_ok4                             0x200000db   Data           1  usart3.o(.data)
    Learn_off_ok4                            0x200000dc   Data           1  usart3.o(.data)
    show_num                                 0x200000dd   Data           1  show.o(.data)
    show_num_sta                             0x200000de   Data           1  show.o(.data)
    next_data                                0x200000df   Data           1  show.o(.data)
    choose_show                              0x200000e0   Data           1  show.o(.data)
    choose_admin                             0x200000e1   Data           1  show.o(.data)
    next_data_sta                            0x200000e2   Data           1  show.o(.data)
    MotorRun_flag                            0x200000e3   Data           1  motorrun.o(.data)
    __stdout                                 0x200000f8   Data           4  stdout.o(.data)
    Usart1_RxBuff                            0x20000100   Data         255  usart1.o(.bss)
    Usart_buff                               0x200001ff   Data        1024  usart1.o(.bss)
    Usart_Receive_Buff                       0x200005ff   Data         255  usart1.o(.bss)
    Usart2_RxBuff                            0x20000700   Data        1024  usart2.o(.bss)
    USART2_TxBuff                            0x20000b00   Data        1024  usart2.o(.bss)
    MQTT_RxDataBuf                           0x20000f00   Data        2400  total_wifi.o(.bss)
    MQTT_TxDataBuf                           0x20001860   Data        2400  total_wifi.o(.bss)
    MQTT_CMDBuf                              0x200021c0   Data        2400  total_wifi.o(.bss)
    ClientID                                 0x20002b20   Data         128  total_wifi.o(.bss)
    Username                                 0x20002ba0   Data         128  total_wifi.o(.bss)
    Passward                                 0x20002c20   Data         128  total_wifi.o(.bss)
    ServerIP                                 0x20002ca0   Data         128  total_wifi.o(.bss)
    temp_buff                                0x20002d20   Data         300  total_wifi.o(.bss)
    identifier_temp                          0x20002e4c   Data          50  pub_sub_message.o(.bss)
    OLED_GRAM                                0x20002e7e   Data        1152  oled.o(.bss)
    Usart3_RxBuff                            0x200032fe   Data         500  usart3.o(.bss)
    __initial_sp                             0x200044f8   Data           0  startup_stm32f10x_hd.o(STACK)



==============================================================================

Memory Map of the image

  Image Entry point : 0x08000149

  Load Region LR_1 (Base: 0x08000000, Size: 0x0000a7a8, Max: 0xffffffff, ABSOLUTE)

    Execution Region ER_RO (Exec base: 0x08000000, Load base: 0x08000000, Size: 0x0000a6a8, Max: 0xffffffff, ABSOLUTE)

    Exec Addr    Load Addr    Size         Type   Attr      Idx    E Section Name        Object

    0x08000000   0x08000000   0x00000130   Data   RO         1129    RESET               startup_stm32f10x_hd.o
    0x08000130   0x08000130   0x00000000   Code   RO         2827  * .ARM.Collect$$$$00000000  mc_w.l(entry.o)
    0x08000130   0x08000130   0x00000004   Code   RO         3105    .ARM.Collect$$$$00000001  mc_w.l(entry2.o)
    0x08000134   0x08000134   0x00000004   Code   RO         3108    .ARM.Collect$$$$00000004  mc_w.l(entry5.o)
    0x08000138   0x08000138   0x00000000   Code   RO         3110    .ARM.Collect$$$$00000008  mc_w.l(entry7b.o)
    0x08000138   0x08000138   0x00000000   Code   RO         3112    .ARM.Collect$$$$0000000A  mc_w.l(entry8b.o)
    0x08000138   0x08000138   0x00000008   Code   RO         3113    .ARM.Collect$$$$0000000B  mc_w.l(entry9a.o)
    0x08000140   0x08000140   0x00000004   Code   RO         3120    .ARM.Collect$$$$0000000E  mc_w.l(entry12b.o)
    0x08000144   0x08000144   0x00000000   Code   RO         3115    .ARM.Collect$$$$0000000F  mc_w.l(entry10a.o)
    0x08000144   0x08000144   0x00000000   Code   RO         3117    .ARM.Collect$$$$00000011  mc_w.l(entry11a.o)
    0x08000144   0x08000144   0x00000004   Code   RO         3106    .ARM.Collect$$$$00002712  mc_w.l(entry2.o)
    0x08000148   0x08000148   0x00000024   Code   RO         1130  * .text               startup_stm32f10x_hd.o
    0x0800016c   0x0800016c   0x00000024   Code   RO         2830    .text               mc_w.l(memcpya.o)
    0x08000190   0x08000190   0x00000024   Code   RO         2832    .text               mc_w.l(memseta.o)
    0x080001b4   0x080001b4   0x00000024   Code   RO         2834    .text               mc_w.l(strstr.o)
    0x080001d8   0x080001d8   0x0000000e   Code   RO         2836    .text               mc_w.l(strlen.o)
    0x080001e6   0x080001e6   0x0000001c   Code   RO         2838    .text               mc_w.l(strcmp.o)
    0x08000202   0x08000202   0x0000001a   Code   RO         3103    .text               mc_w.l(atoi.o)
    0x0800021c   0x0800021c   0x0000002c   Code   RO         3122    .text               mc_w.l(uidiv.o)
    0x08000248   0x08000248   0x00000062   Code   RO         3124    .text               mc_w.l(uldiv.o)
    0x080002aa   0x080002aa   0x00000070   Code   RO         3133    .text               mc_w.l(strtol.o)
    0x0800031a   0x0800031a   0x00000000   Code   RO         3135    .text               mc_w.l(iusefp.o)
    0x0800031a   0x0800031a   0x0000014e   Code   RO         3136    .text               mf_w.l(dadd.o)
    0x08000468   0x08000468   0x000000e4   Code   RO         3138    .text               mf_w.l(dmul.o)
    0x0800054c   0x0800054c   0x000000de   Code   RO         3140    .text               mf_w.l(ddiv.o)
    0x0800062a   0x0800062a   0x00000030   Code   RO         3142    .text               mf_w.l(dfixul.o)
    0x0800065a   0x0800065a   0x00000002   PAD
    0x0800065c   0x0800065c   0x00000030   Code   RO         3144    .text               mf_w.l(cdrcmple.o)
    0x0800068c   0x0800068c   0x00000024   Code   RO         3146    .text               mc_w.l(init.o)
    0x080006b0   0x080006b0   0x0000001e   Code   RO         3148    .text               mc_w.l(llshl.o)
    0x080006ce   0x080006ce   0x00000020   Code   RO         3150    .text               mc_w.l(llushr.o)
    0x080006ee   0x080006ee   0x00000024   Code   RO         3152    .text               mc_w.l(llsshr.o)
    0x08000712   0x08000712   0x00000002   PAD
    0x08000714   0x08000714   0x00000008   Code   RO         3154    .text               mc_w.l(ctype_o.o)
    0x0800071c   0x0800071c   0x0000009e   Code   RO         3182    .text               mc_w.l(_strtoul.o)
    0x080007ba   0x080007ba   0x000000ba   Code   RO         3184    .text               mf_w.l(depilogue.o)
    0x08000874   0x08000874   0x0000001c   Code   RO         3186    .text               mc_w.l(_chval.o)
    0x08000890   0x08000890   0x00000016   Code   RO         2335    i.ADC_Cmd           stm32f10x_adc.o
    0x080008a6   0x080008a6   0x00000016   Code   RO         2336    i.ADC_DMACmd        stm32f10x_adc.o
    0x080008bc   0x080008bc   0x00000014   Code   RO         2343    i.ADC_GetCalibrationStatus  stm32f10x_adc.o
    0x080008d0   0x080008d0   0x00000014   Code   RO         2349    i.ADC_GetResetCalibrationStatus  stm32f10x_adc.o
    0x080008e4   0x080008e4   0x00000050   Code   RO         2353    i.ADC_Init          stm32f10x_adc.o
    0x08000934   0x08000934   0x000000b8   Code   RO         2357    i.ADC_RegularChannelConfig  stm32f10x_adc.o
    0x080009ec   0x080009ec   0x0000000a   Code   RO         2358    i.ADC_ResetCalibration  stm32f10x_adc.o
    0x080009f6   0x080009f6   0x00000016   Code   RO         2360    i.ADC_SoftwareStartConvCmd  stm32f10x_adc.o
    0x08000a0c   0x08000a0c   0x0000000a   Code   RO         2362    i.ADC_StartCalibration  stm32f10x_adc.o
    0x08000a16   0x08000a16   0x00000002   PAD
    0x08000a18   0x08000a18   0x00000028   Code   RO          692    i.ADCx_GPIO_Config  dma_adc.o
    0x08000a40   0x08000a40   0x0000000c   Code   RO          693    i.ADCx_Init         dma_adc.o
    0x08000a4c   0x08000a4c   0x0000010c   Code   RO          694    i.ADCx_Mode_Config  dma_adc.o
    0x08000b58   0x08000b58   0x000001d4   Code   RO          525    i.AliIoT_Parameter_Init  total_wifi.o
    0x08000d2c   0x08000d2c   0x00000002   Code   RO         1134    i.BusFault_Handler  stm32f10x_it.o
    0x08000d2e   0x08000d2e   0x00000002   PAD
    0x08000d30   0x08000d30   0x0000006c   Code   RO          526    i.CMDBuf_Deal       total_wifi.o
    0x08000d9c   0x08000d9c   0x00000488   Code   RO          527    i.Connect_server    total_wifi.o
    0x08001224   0x08001224   0x00000088   Code   RO          982    i.Cut_screen        show.o
    0x080012ac   0x080012ac   0x00000064   Code   RO          726    i.DHT11_Check       dht11.o
    0x08001310   0x08001310   0x00000040   Code   RO          727    i.DHT11_Init        dht11.o
    0x08001350   0x08001350   0x0000004c   Code   RO          728    i.DHT11_Read_Bit    dht11.o
    0x0800139c   0x0800139c   0x0000001e   Code   RO          729    i.DHT11_Read_Byte   dht11.o
    0x080013ba   0x080013ba   0x00000058   Code   RO          730    i.DHT11_Read_Data   dht11.o
    0x08001412   0x08001412   0x00000002   PAD
    0x08001414   0x08001414   0x00000040   Code   RO          731    i.DHT11_Rst         dht11.o
    0x08001454   0x08001454   0x0000002c   Code   RO          321    i.DMA1_Channel7_IRQHandler  usart2.o
    0x08001480   0x08001480   0x0000001c   Code   RO         2594    i.DMA_ClearITPendingBit  stm32f10x_dma.o
    0x0800149c   0x0800149c   0x00000018   Code   RO         2595    i.DMA_Cmd           stm32f10x_dma.o
    0x080014b4   0x080014b4   0x0000014c   Code   RO         2596    i.DMA_DeInit        stm32f10x_dma.o
    0x08001600   0x08001600   0x00000008   Code   RO         2597    i.DMA_GetCurrDataCounter  stm32f10x_dma.o
    0x08001608   0x08001608   0x0000002c   Code   RO         2599    i.DMA_GetITStatus   stm32f10x_dma.o
    0x08001634   0x08001634   0x00000012   Code   RO         2600    i.DMA_ITConfig      stm32f10x_dma.o
    0x08001646   0x08001646   0x0000003c   Code   RO         2601    i.DMA_Init          stm32f10x_dma.o
    0x08001682   0x08001682   0x00000002   PAD
    0x08001684   0x08001684   0x000000b0   Code   RO          647    i.Data_State        pub_sub_message.o
    0x08001734   0x08001734   0x00000002   Code   RO         1135    i.DebugMon_Handler  stm32f10x_it.o
    0x08001736   0x08001736   0x0000000e   Code   RO         1037    i.Delay10us         motorrun.o
    0x08001744   0x08001744   0x0000000c   Code   RO          197    i.Delay_Init        delay.o
    0x08001750   0x08001750   0x000000f8   Code   RO          198    i.Delay_Ms          delay.o
    0x08001848   0x08001848   0x00000042   Code   RO          199    i.Delay_Us          delay.o
    0x0800188a   0x0800188a   0x00000002   PAD
    0x0800188c   0x0800188c   0x0000006c   Code   RO          400    i.EXTI4_IRQHandler  key.o
    0x080018f8   0x080018f8   0x00000174   Code   RO          401    i.EXTI9_5_IRQHandler  key.o
    0x08001a6c   0x08001a6c   0x0000000c   Code   RO         2276    i.EXTI_ClearITPendingBit  stm32f10x_exti.o
    0x08001a78   0x08001a78   0x00000094   Code   RO         2281    i.EXTI_Init         stm32f10x_exti.o
    0x08001b0c   0x08001b0c   0x00000040   Code   RO         2164    i.GPIO_EXTILineConfig  stm32f10x_gpio.o
    0x08001b4c   0x08001b4c   0x00000116   Code   RO         2167    i.GPIO_Init         stm32f10x_gpio.o
    0x08001c62   0x08001c62   0x00000012   Code   RO         2171    i.GPIO_ReadInputDataBit  stm32f10x_gpio.o
    0x08001c74   0x08001c74   0x00000012   Code   RO         2173    i.GPIO_ReadOutputDataBit  stm32f10x_gpio.o
    0x08001c86   0x08001c86   0x00000004   Code   RO         2174    i.GPIO_ResetBits    stm32f10x_gpio.o
    0x08001c8a   0x08001c8a   0x00000004   Code   RO         2175    i.GPIO_SetBits      stm32f10x_gpio.o
    0x08001c8e   0x08001c8e   0x0000000a   Code   RO         2178    i.GPIO_WriteBit     stm32f10x_gpio.o
    0x08001c98   0x08001c98   0x00000034   Code   RO          695    i.Get_Adc_Average   dma_adc.o
    0x08001ccc   0x08001ccc   0x00000002   Code   RO         1136    i.HardFault_Handler  stm32f10x_it.o
    0x08001cce   0x08001cce   0x00000002   PAD
    0x08001cd0   0x08001cd0   0x00000030   Code   RO          768    i.I2C_Start         oled.o
    0x08001d00   0x08001d00   0x00000028   Code   RO          769    i.I2C_Stop          oled.o
    0x08001d28   0x08001d28   0x0000001c   Code   RO          770    i.I2C_WaitAck       oled.o
    0x08001d44   0x08001d44   0x000000d4   Code   RO          402    i.KEY_Exti_Init     key.o
    0x08001e18   0x08001e18   0x00000024   Code   RO          403    i.KEY_Init          key.o
    0x08001e3c   0x08001e3c   0x00000080   Code   RO          384    i.LED_Init          led.o
    0x08001ebc   0x08001ebc   0x000001d0   Code   RO          404    i.Learn_instruction  key.o
    0x0800208c   0x0800208c   0x0000002c   Code   RO         1038    i.MOTOR_Init        motorrun.o
    0x080020b8   0x080020b8   0x0000009c   Code   RO          528    i.MQTT_Buff_Init    total_wifi.o
    0x08002154   0x08002154   0x00000218   Code   RO          529    i.MQTT_ConectPack   total_wifi.o
    0x0800236c   0x0800236c   0x00000108   Code   RO          530    i.MQTT_DealPushdata_Qs0  total_wifi.o
    0x08002474   0x08002474   0x0000001c   Code   RO          531    i.MQTT_PingREQ      total_wifi.o
    0x08002490   0x08002490   0x000000ec   Code   RO          532    i.MQTT_PublishQs0   total_wifi.o
    0x0800257c   0x0800257c   0x00000098   Code   RO          533    i.MQTT_Subscribe    total_wifi.o
    0x08002614   0x08002614   0x00000002   Code   RO         1137    i.MemManage_Handler  stm32f10x_it.o
    0x08002616   0x08002616   0x00000002   PAD
    0x08002618   0x08002618   0x00000354   Code   RO         1039    i.MotorRun          motorrun.o
    0x0800296c   0x0800296c   0x00000002   Code   RO         1138    i.NMI_Handler       stm32f10x_it.o
    0x0800296e   0x0800296e   0x00000002   PAD
    0x08002970   0x08002970   0x00000070   Code   RO         1197    i.NVIC_Init         misc.o
    0x080029e0   0x080029e0   0x00000014   Code   RO         1198    i.NVIC_PriorityGroupConfig  misc.o
    0x080029f4   0x080029f4   0x00000030   Code   RO          771    i.OLED_Clear        oled.o
    0x08002a24   0x08002a24   0x00000060   Code   RO          772    i.OLED_ClearPoint   oled.o
    0x08002a84   0x08002a84   0x0000003c   Code   RO          779    i.OLED_DrawPoint    oled.o
    0x08002ac0   0x08002ac0   0x00000128   Code   RO          780    i.OLED_Init         oled.o
    0x08002be8   0x08002be8   0x00000016   Code   RO          781    i.OLED_Pow          oled.o
    0x08002bfe   0x08002bfe   0x00000002   PAD
    0x08002c00   0x08002c00   0x0000004c   Code   RO          782    i.OLED_Refresh      oled.o
    0x08002c4c   0x08002c4c   0x000000fc   Code   RO          784    i.OLED_ShowChar     oled.o
    0x08002d48   0x08002d48   0x00000074   Code   RO          786    i.OLED_ShowNum      oled.o
    0x08002dbc   0x08002dbc   0x00000042   Code   RO          788    i.OLED_ShowString   oled.o
    0x08002dfe   0x08002dfe   0x00000038   Code   RO          790    i.OLED_WR_Byte      oled.o
    0x08002e36   0x08002e36   0x00000002   PAD
    0x08002e38   0x08002e38   0x000000c8   Code   RO          791    i.OLED_show_one_chinese  oled.o
    0x08002f00   0x08002f00   0x00000040   Code   RO          792    i.OLED_show_str     oled.o
    0x08002f40   0x08002f40   0x00000002   Code   RO         1139    i.PendSV_Handler    stm32f10x_it.o
    0x08002f42   0x08002f42   0x00000002   PAD
    0x08002f44   0x08002f44   0x00000018   Code   RO         1233    i.RCC_ADCCLKConfig  stm32f10x_rcc.o
    0x08002f5c   0x08002f5c   0x00000020   Code   RO         1234    i.RCC_AHBPeriphClockCmd  stm32f10x_rcc.o
    0x08002f7c   0x08002f7c   0x00000020   Code   RO         1235    i.RCC_APB1PeriphClockCmd  stm32f10x_rcc.o
    0x08002f9c   0x08002f9c   0x00000020   Code   RO         1236    i.RCC_APB1PeriphResetCmd  stm32f10x_rcc.o
    0x08002fbc   0x08002fbc   0x00000020   Code   RO         1237    i.RCC_APB2PeriphClockCmd  stm32f10x_rcc.o
    0x08002fdc   0x08002fdc   0x00000020   Code   RO         1238    i.RCC_APB2PeriphResetCmd  stm32f10x_rcc.o
    0x08002ffc   0x08002ffc   0x000000d4   Code   RO         1245    i.RCC_GetClocksFreq  stm32f10x_rcc.o
    0x080030d0   0x080030d0   0x00000002   Code   RO         1140    i.SVC_Handler       stm32f10x_it.o
    0x080030d2   0x080030d2   0x00000002   PAD
    0x080030d4   0x080030d4   0x00000054   Code   RO          793    i.Send_Byte         oled.o
    0x08003128   0x08003128   0x00000008   Code   RO         1093    i.SetSysClock       system_stm32f10x.o
    0x08003130   0x08003130   0x000000e0   Code   RO         1094    i.SetSysClockTo72   system_stm32f10x.o
    0x08003210   0x08003210   0x00000028   Code   RO         1201    i.SysTick_CLKSourceConfig  misc.o
    0x08003238   0x08003238   0x00000002   Code   RO         1141    i.SysTick_Handler   stm32f10x_it.o
    0x0800323a   0x0800323a   0x00000002   PAD
    0x0800323c   0x0800323c   0x00000060   Code   RO         1096    i.SystemInit        system_stm32f10x.o
    0x0800329c   0x0800329c   0x00000076   Code   RO          489    i.TIM2_ENABLE_200MS  timer3_ping.o
    0x08003312   0x08003312   0x00000002   PAD
    0x08003314   0x08003314   0x00000030   Code   RO          490    i.TIM2_IRQHandler   timer3_ping.o
    0x08003344   0x08003344   0x00000078   Code   RO          491    i.TIM3_ENABLE_2S    timer3_ping.o
    0x080033bc   0x080033bc   0x00000078   Code   RO          492    i.TIM3_ENABLE_30S   timer3_ping.o
    0x08003434   0x08003434   0x00000070   Code   RO          493    i.TIM3_IRQHandler   timer3_ping.o
    0x080034a4   0x080034a4   0x0000001c   Code   RO          965    i.TIM4_IRQHandler   time4.o
    0x080034c0   0x080034c0   0x00000006   Code   RO         1444    i.TIM_ClearITPendingBit  stm32f10x_tim.o
    0x080034c6   0x080034c6   0x00000018   Code   RO         1449    i.TIM_Cmd           stm32f10x_tim.o
    0x080034de   0x080034de   0x00000002   PAD
    0x080034e0   0x080034e0   0x000001e8   Code   RO         1454    i.TIM_DeInit        stm32f10x_tim.o
    0x080036c8   0x080036c8   0x00000022   Code   RO         1470    i.TIM_GetITStatus   stm32f10x_tim.o
    0x080036ea   0x080036ea   0x00000012   Code   RO         1474    i.TIM_ITConfig      stm32f10x_tim.o
    0x080036fc   0x080036fc   0x000000a4   Code   RO         1520    i.TIM_TimeBaseInit  stm32f10x_tim.o
    0x080037a0   0x080037a0   0x00000064   Code   RO          534    i.TxDataBuf_Deal    total_wifi.o
    0x08003804   0x08003804   0x00000064   Code   RO          221    i.USART1_IRQHandler  usart1.o
    0x08003868   0x08003868   0x000000f0   Code   RO          322    i.USART2_IRQHandler  usart2.o
    0x08003958   0x08003958   0x00000158   Code   RO          938    i.USART3_IRQHandler  usart3.o
    0x08003ab0   0x08003ab0   0x00000012   Code   RO         1981    i.USART_ClearFlag   stm32f10x_usart.o
    0x08003ac2   0x08003ac2   0x0000001e   Code   RO         1982    i.USART_ClearITPendingBit  stm32f10x_usart.o
    0x08003ae0   0x08003ae0   0x00000018   Code   RO         1985    i.USART_Cmd         stm32f10x_usart.o
    0x08003af8   0x08003af8   0x00000012   Code   RO         1986    i.USART_DMACmd      stm32f10x_usart.o
    0x08003b0a   0x08003b0a   0x00000002   PAD
    0x08003b0c   0x08003b0c   0x0000009c   Code   RO         1987    i.USART_DeInit      stm32f10x_usart.o
    0x08003ba8   0x08003ba8   0x0000001a   Code   RO         1988    i.USART_GetFlagStatus  stm32f10x_usart.o
    0x08003bc2   0x08003bc2   0x00000054   Code   RO         1989    i.USART_GetITStatus  stm32f10x_usart.o
    0x08003c16   0x08003c16   0x0000004a   Code   RO         1991    i.USART_ITConfig    stm32f10x_usart.o
    0x08003c60   0x08003c60   0x000000d8   Code   RO         1992    i.USART_Init        stm32f10x_usart.o
    0x08003d38   0x08003d38   0x0000000a   Code   RO         1999    i.USART_ReceiveData  stm32f10x_usart.o
    0x08003d42   0x08003d42   0x00000008   Code   RO         2002    i.USART_SendData    stm32f10x_usart.o
    0x08003d4a   0x08003d4a   0x00000002   Code   RO         1142    i.UsageFault_Handler  stm32f10x_it.o
    0x08003d4c   0x08003d4c   0x000000c4   Code   RO          224    i.Usart1_Init       usart1.o
    0x08003e10   0x08003e10   0x000000d0   Code   RO          323    i.Usart2DMA_init    usart2.o
    0x08003ee0   0x08003ee0   0x000000d0   Code   RO          324    i.Usart2_IDELInit   usart2.o
    0x08003fb0   0x08003fb0   0x000000c0   Code   RO          325    i.Usart2_Init       usart2.o
    0x08004070   0x08004070   0x0000059c   Code   RO          535    i.WiFi_Connect_IoTServer  total_wifi.o
    0x0800460c   0x0800460c   0x00000154   Code   RO          536    i.WiFi_Connect_Server  total_wifi.o
    0x08004760   0x08004760   0x000000e0   Code   RO          537    i.WiFi_JoinAP       total_wifi.o
    0x08004840   0x08004840   0x00000084   Code   RO          538    i.WiFi_Reset        total_wifi.o
    0x080048c4   0x080048c4   0x00000034   Code   RO          539    i.WiFi_ResetIO_Init  total_wifi.o
    0x080048f8   0x080048f8   0x00000074   Code   RO          540    i.WiFi_SendCmd      total_wifi.o
    0x0800496c   0x0800496c   0x0000006c   Code   RO          541    i.WiFi_Smartconfig  total_wifi.o
    0x080049d8   0x080049d8   0x00000058   Code   RO          542    i.WiFi_WaitAP       total_wifi.o
    0x08004a30   0x08004a30   0x00000020   Code   RO         3075    i.__0printf         mc_w.l(printfa.o)
    0x08004a50   0x08004a50   0x00000028   Code   RO         3077    i.__0sprintf        mc_w.l(printfa.o)
    0x08004a78   0x08004a78   0x00000024   Code   RO         3081    i.__0vsprintf       mc_w.l(printfa.o)
    0x08004a9c   0x08004a9c   0x00000008   Code   RO         3126    i.__aeabi_errno_addr  mc_w.l(errno.o)
    0x08004aa4   0x08004aa4   0x0000000e   Code   RO         3190    i.__scatterload_copy  mc_w.l(handlers.o)
    0x08004ab2   0x08004ab2   0x00000002   Code   RO         3191    i.__scatterload_null  mc_w.l(handlers.o)
    0x08004ab4   0x08004ab4   0x0000000e   Code   RO         3192    i.__scatterload_zeroinit  mc_w.l(handlers.o)
    0x08004ac2   0x08004ac2   0x00000002   PAD
    0x08004ac4   0x08004ac4   0x00000184   Code   RO         3082    i._fp_digits        mc_w.l(printfa.o)
    0x08004c48   0x08004c48   0x000006b4   Code   RO         3083    i._printf_core      mc_w.l(printfa.o)
    0x080052fc   0x080052fc   0x00000024   Code   RO         3084    i._printf_post_padding  mc_w.l(printfa.o)
    0x08005320   0x08005320   0x0000002e   Code   RO         3085    i._printf_pre_padding  mc_w.l(printfa.o)
    0x0800534e   0x0800534e   0x0000000a   Code   RO         3087    i._sputc            mc_w.l(printfa.o)
    0x08005358   0x08005358   0x00000070   Code   RO          405    i.admin_sub         key.o
    0x080053c8   0x080053c8   0x000001f4   Code   RO            1    i.ctrl_auto         main.o
    0x080055bc   0x080055bc   0x00000124   Code   RO            2    i.data_caiji        main.o
    0x080056e0   0x080056e0   0x0000021c   Code   RO          983    i.data_show         show.o
    0x080058fc   0x080058fc   0x00000068   Code   RO          648    i.data_sta          pub_sub_message.o
    0x08005964   0x08005964   0x00000014   Code   RO         1041    i.delay_10us        motorrun.o
    0x08005978   0x08005978   0x00000024   Code   RO          225    i.fputc             usart1.o
    0x0800599c   0x0800599c   0x0000009c   Code   RO          649    i.init_State        pub_sub_message.o
    0x08005a38   0x08005a38   0x00000084   Code   RO          650    i.judge_data_sta    pub_sub_message.o
    0x08005abc   0x08005abc   0x00000060   Code   RO            3    i.main              main.o
    0x08005b1c   0x08005b1c   0x0000005c   Code   RO          984    i.main_sreen        show.o
    0x08005b78   0x08005b78   0x00000404   Code   RO          651    i.publish_message   pub_sub_message.o
    0x08005f7c   0x08005f7c   0x0000001e   Code   RO          227    i.send_byte         usart1.o
    0x08005f9a   0x08005f9a   0x00000002   PAD
    0x08005f9c   0x08005f9c   0x000000cc   Code   RO          985    i.set_show          show.o
    0x08006068   0x08006068   0x000001d0   Code   RO          986    i.show_Learn_instruction  show.o
    0x08006238   0x08006238   0x0000005c   Code   RO          987    i.show_admin        show.o
    0x08006294   0x08006294   0x000000bc   Code   RO          988    i.show_beep         show.o
    0x08006350   0x08006350   0x00000034   Code   RO          326    i.u2_TxData         usart2.o
    0x08006384   0x08006384   0x0000005c   Code   RO          327    i.u2_printf         usart2.o
    0x080063e0   0x080063e0   0x000000bc   Code   RO          939    i.uart3_init        usart3.o
    0x0800649c   0x0800649c   0x00000018   Code   RO         2700    i.utils_hb2hex      utils_md5.o
    0x080064b4   0x080064b4   0x000000e8   Code   RO         2667    i.utils_hmac_sha1   utils_hmac.o
    0x0800659c   0x0800659c   0x000000e8   Code   RO         2768    i.utils_sha1_finish  utils_sha1.o
    0x08006684   0x08006684   0x0000000e   Code   RO         2770    i.utils_sha1_init   utils_sha1.o
    0x08006692   0x08006692   0x00000002   PAD
    0x08006694   0x08006694   0x0000191c   Code   RO         2771    i.utils_sha1_process  utils_sha1.o
    0x08007fb0   0x08007fb0   0x0000002c   Code   RO         2772    i.utils_sha1_starts  utils_sha1.o
    0x08007fdc   0x08007fdc   0x0000007c   Code   RO         2773    i.utils_sha1_update  utils_sha1.o
    0x08008058   0x08008058   0x000003d0   Code   RO          230    i.voice_ctrl        usart1.o
    0x08008428   0x08008428   0x00001cf2   Data   RO          795    .constdata          oled.o
    0x0800a11a   0x0800a11a   0x00000040   Data   RO         2775    .constdata          utils_sha1.o
    0x0800a15a   0x0800a15a   0x00000081   Data   RO         3155    .constdata          mc_w.l(ctype_o.o)
    0x0800a1db   0x0800a1db   0x00000001   PAD
    0x0800a1dc   0x0800a1dc   0x00000004   Data   RO         3156    .constdata          mc_w.l(ctype_o.o)
    0x0800a1e0   0x0800a1e0   0x0000019d   Data   RO            4    .conststring        main.o
    0x0800a37d   0x0800a37d   0x00000003   PAD
    0x0800a380   0x0800a380   0x0000007f   Data   RO          406    .conststring        key.o
    0x0800a3ff   0x0800a3ff   0x00000001   PAD
    0x0800a400   0x0800a400   0x00000285   Data   RO          653    .conststring        pub_sub_message.o
    0x0800a685   0x0800a685   0x00000003   PAD
    0x0800a688   0x0800a688   0x00000020   Data   RO         3188    Region$$Table       anon$$obj.o


    Execution Region ER_RW (Exec base: 0x20000000, Load base: 0x0800a6a8, Size: 0x00000100, Max: 0xffffffff, ABSOLUTE)

    Exec Addr    Load Addr    Size         Type   Attr      Idx    E Section Name        Object

    0x20000000   0x0800a6a8   0x0000005a   Data   RW            5    .data               main.o
    0x2000005a   0x0800a702   0x00000002   PAD
    0x2000005c   0x0800a704   0x00000005   Data   RW          232    .data               usart1.o
    0x20000061   0x0800a709   0x00000003   PAD
    0x20000064   0x0800a70c   0x00000009   Data   RW          329    .data               usart2.o
    0x2000006d   0x0800a715   0x00000003   PAD
    0x20000070   0x0800a718   0x00000045   Data   RW          544    .data               total_wifi.o
    0x200000b5   0x0800a75d   0x00000003   PAD
    0x200000b8   0x0800a760   0x0000000c   Data   RW          654    .data               pub_sub_message.o
    0x200000c4   0x0800a76c   0x00000006   Data   RW          696    .data               dma_adc.o
    0x200000ca   0x0800a772   0x00000002   PAD
    0x200000cc   0x0800a774   0x00000011   Data   RW          941    .data               usart3.o
    0x200000dd   0x0800a785   0x00000006   Data   RW          989    .data               show.o
    0x200000e3   0x0800a78b   0x00000001   Data   RW         1042    .data               motorrun.o
    0x200000e4   0x0800a78c   0x00000014   Data   RW         1265    .data               stm32f10x_rcc.o
    0x200000f8   0x0800a7a0   0x00000004   Data   RW         3121    .data               mc_w.l(stdout.o)
    0x200000fc   0x0800a7a4   0x00000004   Data   RW         3129    .data               mc_w.l(errno.o)


    Execution Region ER_ZI (Exec base: 0x20000100, Load base: 0x0800a7a8, Size: 0x000043f8, Max: 0xffffffff, ABSOLUTE)

    Exec Addr    Load Addr    Size         Type   Attr      Idx    E Section Name        Object

    0x20000100        -       0x000005fe   Zero   RW          231    .bss                usart1.o
    0x200006fe   0x0800a7a8   0x00000002   PAD
    0x20000700        -       0x00000800   Zero   RW          328    .bss                usart2.o
    0x20000f00        -       0x00001f4c   Zero   RW          543    .bss                total_wifi.o
    0x20002e4c        -       0x00000032   Zero   RW          652    .bss                pub_sub_message.o
    0x20002e7e        -       0x00000480   Zero   RW          794    .bss                oled.o
    0x200032fe        -       0x000001f4   Zero   RW          940    .bss                usart3.o
    0x200034f2   0x0800a7a8   0x00000006   PAD
    0x200034f8        -       0x00001000   Zero   RW         1127    STACK               startup_stm32f10x_hd.o


==============================================================================

Image component sizes


      Code (inc. data)   RO Data    RW Data    ZI Data      Debug   Object Name

       326          6          0          0          0       1767   delay.o
       422         32          0          0          0       3632   dht11.o
       372         24          0          6          0       2903   dma_adc.o
      1304        156        127          0          0       4023   key.o
       128         20          0          0          0       1771   led.o
       888        174        413         90          0     275679   main.o
       172         22          0          0          0       2033   misc.o
       930        116          0          1          0       3069   motorrun.o
      1552         64       7410          0       1152      11773   oled.o
      1596        498        645         12         50       4601   pub_sub_message.o
      1716        428          0          6          0       4296   show.o
        36          8        304          0       4096        812   startup_stm32f10x_hd.o
       390         10          0          0          0       7357   stm32f10x_adc.o
       514         26          0          0          0       5664   stm32f10x_dma.o
       160         12          0          0          0       1477   stm32f10x_exti.o
       396          4          0          0          0       5435   stm32f10x_gpio.o
        18          0          0          0          0       4134   stm32f10x_it.o
       396         56          0         20          0       6671   stm32f10x_rcc.o
       734        106          0          0          0       4307   stm32f10x_tim.o
       664         28          0          0          0       8503   stm32f10x_usart.o
         0          0          0          0          0         32   sys.o
       328         28          0          0          0       1937   system_stm32f10x.o
        28          6          0          0          0        482   time4.o
       518         34          0          0          0       2887   timer3_ping.o
      5704       2360          0         69       8012      14396   total_wifi.o
      1338        274          0          5       1534       6443   usart1.o
      1036         94          0          9       2048       5379   usart2.o
       532         62          0         17        500       2708   usart3.o
       232          0          0          0          0       1554   utils_hmac.o
        24          0          0          0          0        531   utils_md5.o
      6842         40         64          0          0       5875   utils_sha1.o

    ----------------------------------------------------------------------
     29332       4688       9002        248      17400     402131   Object Totals
         0          0         32          0          0          0   (incl. Generated)
        36          0          7         13          8          0   (incl. Padding)

    ----------------------------------------------------------------------

      Code (inc. data)   RO Data    RW Data    ZI Data      Debug   Library Member Name

        28          0          0          0          0         68   _chval.o
       158          0          0          0          0         92   _strtoul.o
        26          0          0          0          0         80   atoi.o
         8          4        133          0          0         68   ctype_o.o
         0          0          0          0          0          0   entry.o
         0          0          0          0          0          0   entry10a.o
         0          0          0          0          0          0   entry11a.o
         4          0          0          0          0          0   entry12b.o
         8          4          0          0          0          0   entry2.o
         4          0          0          0          0          0   entry5.o
         0          0          0          0          0          0   entry7b.o
         0          0          0          0          0          0   entry8b.o
         8          4          0          0          0          0   entry9a.o
         8          4          0          4          0         68   errno.o
        30          0          0          0          0          0   handlers.o
        36          8          0          0          0         68   init.o
         0          0          0          0          0          0   iusefp.o
        30          0          0          0          0         68   llshl.o
        36          0          0          0          0         68   llsshr.o
        32          0          0          0          0         68   llushr.o
        36          0          0          0          0         68   memcpya.o
        36          0          0          0          0        108   memseta.o
      2304        102          0          0          0        696   printfa.o
         0          0          0          4          0          0   stdout.o
        28          0          0          0          0         76   strcmp.o
        14          0          0          0          0         68   strlen.o
        36          0          0          0          0         80   strstr.o
       112          0          0          0          0         88   strtol.o
        44          0          0          0          0         80   uidiv.o
        98          0          0          0          0         92   uldiv.o
        48          0          0          0          0         68   cdrcmple.o
       334          0          0          0          0        148   dadd.o
       222          0          0          0          0        100   ddiv.o
       186          0          0          0          0        176   depilogue.o
        48          0          0          0          0         68   dfixul.o
       228          0          0          0          0         96   dmul.o

    ----------------------------------------------------------------------
      4196        126        134          8          0       2660   Library Totals
         6          0          1          0          0          0   (incl. Padding)

    ----------------------------------------------------------------------

      Code (inc. data)   RO Data    RW Data    ZI Data      Debug   Library Name

      3124        126        133          8          0       2004   mc_w.l
      1066          0          0          0          0        656   mf_w.l

    ----------------------------------------------------------------------
      4196        126        134          8          0       2660   Library Totals

    ----------------------------------------------------------------------

==============================================================================


      Code (inc. data)   RO Data    RW Data    ZI Data      Debug   

     33528       4814       9136        256      17400     395167   Grand Totals
     33528       4814       9136        256      17400     395167   ELF Image Totals
     33528       4814       9136        256          0          0   ROM Totals

==============================================================================

    Total RO  Size (Code + RO Data)                42664 (  41.66kB)
    Total RW  Size (RW Data + ZI Data)             17656 (  17.24kB)
    Total ROM Size (Code + RO Data + RW Data)      42920 (  41.91kB)

==============================================================================

